Component: ARM Compiler 5.05 update 1 (build 106) Tool: armlink [4d0efa]

==============================================================================

Section Cross References

    startup_stm32g474xx.o(STACK) refers (Special) to heapauxi.o(.text) for __use_two_region_memory
    startup_stm32g474xx.o(HEAP) refers (Special) to heapauxi.o(.text) for __use_two_region_memory
    startup_stm32g474xx.o(RESET) refers (Special) to heapauxi.o(.text) for __use_two_region_memory
    startup_stm32g474xx.o(RESET) refers to startup_stm32g474xx.o(STACK) for __initial_sp
    startup_stm32g474xx.o(RESET) refers to startup_stm32g474xx.o(.text) for Reset_Handler
    startup_stm32g474xx.o(RESET) refers to stm32g4xx_it.o(i.NMI_Handler) for NMI_Handler
    startup_stm32g474xx.o(RESET) refers to stm32g4xx_it.o(i.HardFault_Handler) for HardFault_Handler
    startup_stm32g474xx.o(RESET) refers to stm32g4xx_it.o(i.MemManage_Handler) for MemManage_Handler
    startup_stm32g474xx.o(RESET) refers to stm32g4xx_it.o(i.BusFault_Handler) for BusFault_Handler
    startup_stm32g474xx.o(RESET) refers to stm32g4xx_it.o(i.UsageFault_Handler) for UsageFault_Handler
    startup_stm32g474xx.o(RESET) refers to stm32g4xx_it.o(i.SVC_Handler) for SVC_Handler
    startup_stm32g474xx.o(RESET) refers to stm32g4xx_it.o(i.DebugMon_Handler) for DebugMon_Handler
    startup_stm32g474xx.o(RESET) refers to stm32g4xx_it.o(i.PendSV_Handler) for PendSV_Handler
    startup_stm32g474xx.o(RESET) refers to stm32g4xx_it.o(i.SysTick_Handler) for SysTick_Handler
    startup_stm32g474xx.o(RESET) refers to stm32g4xx_it.o(i.DMA1_Channel1_IRQHandler) for DMA1_Channel1_IRQHandler
    startup_stm32g474xx.o(RESET) refers to stm32g4xx_it.o(i.USART1_IRQHandler) for USART1_IRQHandler
    startup_stm32g474xx.o(RESET) refers to stm32g4xx_it.o(i.EXTI15_10_IRQHandler) for EXTI15_10_IRQHandler
    startup_stm32g474xx.o(.text) refers (Special) to heapauxi.o(.text) for __use_two_region_memory
    startup_stm32g474xx.o(.text) refers to system_stm32g4xx.o(i.SystemInit) for SystemInit
    startup_stm32g474xx.o(.text) refers to __main.o(!!!main) for __main
    startup_stm32g474xx.o(.text) refers to startup_stm32g474xx.o(HEAP) for Heap_Mem
    startup_stm32g474xx.o(.text) refers to startup_stm32g474xx.o(STACK) for Stack_Mem
    main.o(i.SystemClock_Config) refers to rt_memclr_w.o(.text) for __aeabi_memclr4
    main.o(i.SystemClock_Config) refers to stm32g4xx_hal_pwr_ex.o(i.HAL_PWREx_ControlVoltageScaling) for HAL_PWREx_ControlVoltageScaling
    main.o(i.SystemClock_Config) refers to stm32g4xx_hal_rcc.o(i.HAL_RCC_OscConfig) for HAL_RCC_OscConfig
    main.o(i.SystemClock_Config) refers to stm32g4xx_hal_rcc.o(i.HAL_RCC_ClockConfig) for HAL_RCC_ClockConfig
    main.o(i.main) refers to stm32g4xx_hal.o(i.HAL_Init) for HAL_Init
    main.o(i.main) refers to main.o(i.SystemClock_Config) for SystemClock_Config
    main.o(i.main) refers to gpio.o(i.MX_GPIO_Init) for MX_GPIO_Init
    main.o(i.main) refers to dma.o(i.MX_DMA_Init) for MX_DMA_Init
    main.o(i.main) refers to usart.o(i.MX_USART1_UART_Init) for MX_USART1_UART_Init
    main.o(i.main) refers to tim.o(i.MX_TIM6_Init) for MX_TIM6_Init
    main.o(i.main) refers to tim.o(i.MX_TIM1_Init) for MX_TIM1_Init
    main.o(i.main) refers to dac.o(i.MX_DAC4_Init) for MX_DAC4_Init
    main.o(i.main) refers to opamp.o(i.MX_OPAMP4_Init) for MX_OPAMP4_Init
    main.o(i.main) refers to delay.o(i.delay_init) for delay_init
    main.o(i.main) refers to myusart1.o(i.MyUSART1_Init) for MyUSART1_Init
    main.o(i.main) refers to oled_i2c.o(i.OLED_Init) for OLED_Init
    main.o(i.main) refers to oled_i2c.o(i.OLED_ON) for OLED_ON
    main.o(i.main) refers to oled_i2c.o(i.OLED_CLS) for OLED_CLS
    main.o(i.main) refers to background.o(i.BackGround_Init) for BackGround_Init
    main.o(i.main) refers to background.o(i.fre_ampShow) for fre_ampShow
    main.o(i.main) refers to background.o(i.select) for select
    main.o(i.main) refers to wave.o(i.sin_Generation) for sin_Generation
    main.o(i.main) refers to wave.o(i.squ_Generation) for squ_Generation
    main.o(i.main) refers to wave.o(i.tri_Generation) for tri_Generation
    main.o(i.main) refers to time.o(i.TIM6_Init) for TIM6_Init
    main.o(i.main) refers to stm32g4xx_hal_opamp.o(i.HAL_OPAMP_Start) for HAL_OPAMP_Start
    main.o(i.main) refers to wave.o(i.WaveStart) for WaveStart
    main.o(i.main) refers to stm32g4xx_hal_tim.o(i.HAL_TIM_PWM_Start) for HAL_TIM_PWM_Start
    main.o(i.main) refers to usart.o(.bss) for huart1
    main.o(i.main) refers to opamp.o(.bss) for hopamp4
    main.o(i.main) refers to tim.o(.bss) for htim1
    gpio.o(i.MX_GPIO_Init) refers to rt_memclr_w.o(.text) for __aeabi_memclr4
    gpio.o(i.MX_GPIO_Init) refers to stm32g4xx_hal_gpio.o(i.HAL_GPIO_WritePin) for HAL_GPIO_WritePin
    gpio.o(i.MX_GPIO_Init) refers to stm32g4xx_hal_gpio.o(i.HAL_GPIO_Init) for HAL_GPIO_Init
    gpio.o(i.MX_GPIO_Init) refers to stm32g4xx_hal_cortex.o(i.HAL_NVIC_SetPriority) for HAL_NVIC_SetPriority
[...]
    __rt_entry_presh_1                       0x080002bf   Thumb Code     0  __rtentry2.o(.ARM.Collect$$rtentry$$00000002)
    __rt_entry_sh                            0x080002bf   Thumb Code     0  __rtentry4.o(.ARM.Collect$$rtentry$$00000004)
    __rt_entry_li                            0x080002c5   Thumb Code     0  __rtentry2.o(.ARM.Collect$$rtentry$$0000000A)
    __rt_entry_postsh_1                      0x080002c5   Thumb Code     0  __rtentry2.o(.ARM.Collect$$rtentry$$00000009)
    __rt_entry_main                          0x080002c9   Thumb Code     0  __rtentry2.o(.ARM.Collect$$rtentry$$0000000D)
    __rt_entry_postli_1                      0x080002c9   Thumb Code     0  __rtentry2.o(.ARM.Collect$$rtentry$$0000000C)
    __rt_exit                                0x080002d1   Thumb Code     0  rtexit.o(.ARM.Collect$$rtexit$$00000000)
    __rt_exit_ls                             0x080002d3   Thumb Code     0  rtexit2.o(.ARM.Collect$$rtexit$$00000003)
    __rt_exit_prels_1                        0x080002d3   Thumb Code     0  rtexit2.o(.ARM.Collect$$rtexit$$00000002)
    __rt_exit_exit                           0x080002d7   Thumb Code     0  rtexit2.o(.ARM.Collect$$rtexit$$00000004)
    Reset_Handler                            0x080002dd   Thumb Code     8  startup_stm32g474xx.o(.text)
    ADC1_2_IRQHandler                        0x080002f7   Thumb Code     0  startup_stm32g474xx.o(.text)
    ADC3_IRQHandler                          0x080002f7   Thumb Code     0  startup_stm32g474xx.o(.text)
    ADC4_IRQHandler                          0x080002f7   Thumb Code     0  startup_stm32g474xx.o(.text)
    ADC5_IRQHandler                          0x080002f7   Thumb Code     0  startup_stm32g474xx.o(.text)
    COMP1_2_3_IRQHandler                     0x080002f7   Thumb Code     0  startup_stm32g474xx.o(.text)
    COMP4_5_6_IRQHandler                     0x080002f7   Thumb Code     0  startup_stm32g474xx.o(.text)
    COMP7_IRQHandler                         0x080002f7   Thumb Code     0  startup_stm32g474xx.o(.text)
    CORDIC_IRQHandler                        0x080002f7   Thumb Code     0  startup_stm32g474xx.o(.text)
    CRS_IRQHandler                           0x080002f7   Thumb Code     0  startup_stm32g474xx.o(.text)
    DMA1_Channel2_IRQHandler                 0x080002f7   Thumb Code     0  startup_stm32g474xx.o(.text)
    DMA1_Channel3_IRQHandler                 0x080002f7   Thumb Code     0  startup_stm32g474xx.o(.text)
    DMA1_Channel4_IRQHandler                 0x080002f7   Thumb Code     0  startup_stm32g474xx.o(.text)
    DMA1_Channel5_IRQHandler                 0x080002f7   Thumb Code     0  startup_stm32g474xx.o(.text)
    DMA1_Channel6_IRQHandler                 0x080002f7   Thumb Code     0  startup_stm32g474xx.o(.text)
    DMA1_Channel7_IRQHandler                 0x080002f7   Thumb Code     0  startup_stm32g474xx.o(.text)
    DMA1_Channel8_IRQHandler                 0x080002f7   Thumb Code     0  startup_stm32g474xx.o(.text)
    DMA2_Channel1_IRQHandler                 0x080002f7   Thumb Code     0  startup_stm32g474xx.o(.text)
    DMA2_Channel2_IRQHandler                 0x080002f7   Thumb Code     0  startup_stm32g474xx.o(.text)
    DMA2_Channel3_IRQHandler                 0x080002f7   Thumb Code     0  startup_stm32g474xx.o(.text)
    DMA2_Channel4_IRQHandler                 0x080002f7   Thumb Code     0  startup_stm32g474xx.o(.text)
    DMA2_Channel5_IRQHandler                 0x080002f7   Thumb Code     0  startup_stm32g474xx.o(.text)
    DMA2_Channel6_IRQHandler                 0x080002f7   Thumb Code     0  startup_stm32g474xx.o(.text)
    DMA2_Channel7_IRQHandler                 0x080002f7   Thumb Code     0  startup_stm32g474xx.o(.text)
    DMA2_Channel8_IRQHandler                 0x080002f7   Thumb Code     0  startup_stm32g474xx.o(.text)
    DMAMUX_OVR_IRQHandler                    0x080002f7   Thumb Code     0  startup_stm32g474xx.o(.text)
    EXTI0_IRQHandler                         0x080002f7   Thumb Code     0  startup_stm32g474xx.o(.text)
    EXTI1_IRQHandler                         0x080002f7   Thumb Code     0  startup_stm32g474xx.o(.text)
    EXTI2_IRQHandler                         0x080002f7   Thumb Code     0  startup_stm32g474xx.o(.text)
    EXTI3_IRQHandler                         0x080002f7   Thumb Code     0  startup_stm32g474xx.o(.text)
    EXTI4_IRQHandler                         0x080002f7   Thumb Code     0  startup_stm32g474xx.o(.text)
    EXTI9_5_IRQHandler                       0x080002f7   Thumb Code     0  startup_stm32g474xx.o(.text)
    FDCAN1_IT0_IRQHandler                    0x080002f7   Thumb Code     0  startup_stm32g474xx.o(.text)
    FDCAN1_IT1_IRQHandler                    0x080002f7   Thumb Code     0  startup_stm32g474xx.o(.text)
    FDCAN2_IT0_IRQHandler                    0x080002f7   Thumb Code     0  startup_stm32g474xx.o(.text)
    FDCAN2_IT1_IRQHandler                    0x080002f7   Thumb Code     0  startup_stm32g474xx.o(.text)
    FDCAN3_IT0_IRQHandler                    0x080002f7   Thumb Code     0  startup_stm32g474xx.o(.text)
    FDCAN3_IT1_IRQHandler                    0x080002f7   Thumb Code     0  startup_stm32g474xx.o(.text)
    FLASH_IRQHandler                         0x080002f7   Thumb Code     0  startup_stm32g474xx.o(.text)
    FMAC_IRQHandler                          0x080002f7   Thumb Code     0  startup_stm32g474xx.o(.text)
    FMC_IRQHandler                           0x080002f7   Thumb Code     0  startup_stm32g474xx.o(.text)
    FPU_IRQHandler                           0x080002f7   Thumb Code     0  startup_stm32g474xx.o(.text)
    HRTIM1_FLT_IRQHandler                    0x080002f7   Thumb Code     0  startup_stm32g474xx.o(.text)
    HRTIM1_Master_IRQHandler                 0x080002f7   Thumb Code     0  startup_stm32g474xx.o(.text)
    HRTIM1_TIMA_IRQHandler                   0x080002f7   Thumb Code     0  startup_stm32g474xx.o(.text)
    HRTIM1_TIMB_IRQHandler                   0x080002f7   Thumb Code     0  startup_stm32g474xx.o(.text)
    HRTIM1_TIMC_IRQHandler                   0x080002f7   Thumb Code     0  startup_stm32g474xx.o(.text)
    HRTIM1_TIMD_IRQHandler                   0x080002f7   Thumb Code     0  startup_stm32g474xx.o(.text)
    HRTIM1_TIME_IRQHandler                   0x080002f7   Thumb Code     0  startup_stm32g474xx.o(.text)
    HRTIM1_TIMF_IRQHandler                   0x080002f7   Thumb Code     0  startup_stm32g474xx.o(.text)
    I2C1_ER_IRQHandler                       0x080002f7   Thumb Code     0  startup_stm32g474xx.o(.text)
    I2C1_EV_IRQHandler                       0x080002f7   Thumb Code     0  startup_stm32g474xx.o(.text)
    I2C2_ER_IRQHandler                       0x080002f7   Thumb Code     0  startup_stm32g474xx.o(.text)
    I2C2_EV_IRQHandler                       0x080002f7   Thumb Code     0  startup_stm32g474xx.o(.text)
    I2C3_ER_IRQHandler                       0x080002f7   Thumb Code     0  startup_stm32g474xx.o(.text)
    I2C3_EV_IRQHandler                       0x080002f7   Thumb Code     0  startup_stm32g474xx.o(.text)
    I2C4_ER_IRQHandler                       0x080002f7   Thumb Code     0  startup_stm32g474xx.o(.text)
    I2C4_EV_IRQHandler                       0x080002f7   Thumb Code     0  startup_stm32g474xx.o(.text)
    LPTIM1_IRQHandler                        0x080002f7   Thumb Code     0  startup_stm32g474xx.o(.text)
    LPUART1_IRQHandler                       0x080002f7   Thumb Code     0  startup_stm32g474xx.o(.text)
    PVD_PVM_IRQHandler                       0x080002f7   Thumb Code     0  startup_stm32g474xx.o(.text)
    QUADSPI_IRQHandler                       0x080002f7   Thumb Code     0  startup_stm32g474xx.o(.text)
    RCC_IRQHandler                           0x080002f7   Thumb Code     0  startup_stm32g474xx.o(.text)
    RNG_IRQHandler                           0x080002f7   Thumb Code     0  startup_stm32g474xx.o(.text)
    RTC_Alarm_IRQHandler                     0x080002f7   Thumb Code     0  startup_stm32g474xx.o(.text)
    RTC_TAMP_LSECSS_IRQHandler               0x080002f7   Thumb Code     0  startup_stm32g474xx.o(.text)
    RTC_WKUP_IRQHandler                      0x080002f7   Thumb Code     0  startup_stm32g474xx.o(.text)
    SAI1_IRQHandler                          0x080002f7   Thumb Code     0  startup_stm32g474xx.o(.text)
    SPI1_IRQHandler                          0x080002f7   Thumb Code     0  startup_stm32g474xx.o(.text)
    SPI2_IRQHandler                          0x080002f7   Thumb Code     0  startup_stm32g474xx.o(.text)
    SPI3_IRQHandler                          0x080002f7   Thumb Code     0  startup_stm32g474xx.o(.text)
    SPI4_IRQHandler                          0x080002f7   Thumb Code     0  startup_stm32g474xx.o(.text)
    TIM1_BRK_TIM15_IRQHandler                0x080002f7   Thumb Code     0  startup_stm32g474xx.o(.text)
    TIM1_CC_IRQHandler                       0x080002f7   Thumb Code     0  startup_stm32g474xx.o(.text)
    TIM1_TRG_COM_TIM17_IRQHandler            0x080002f7   Thumb Code     0  startup_stm32g474xx.o(.text)
    TIM1_UP_TIM16_IRQHandler                 0x080002f7   Thumb Code     0  startup_stm32g474xx.o(.text)
    TIM20_BRK_IRQHandler                     0x080002f7   Thumb Code     0  startup_stm32g474xx.o(.text)
    TIM20_CC_IRQHandler                      0x080002f7   Thumb Code     0  startup_stm32g474xx.o(.text)
    TIM20_TRG_COM_IRQHandler                 0x080002f7   Thumb Code     0  startup_stm32g474xx.o(.text)
    TIM20_UP_IRQHandler                      0x080002f7   Thumb Code     0  startup_stm32g474xx.o(.text)
    TIM2_IRQHandler                          0x080002f7   Thumb Code     0  startup_stm32g474xx.o(.text)
    TIM3_IRQHandler                          0x080002f7   Thumb Code     0  startup_stm32g474xx.o(.text)
    TIM4_IRQHandler                          0x080002f7   Thumb Code     0  startup_stm32g474xx.o(.text)
    TIM5_IRQHandler                          0x080002f7   Thumb Code     0  startup_stm32g474xx.o(.text)
    TIM6_DAC_IRQHandler                      0x080002f7   Thumb Code     0  startup_stm32g474xx.o(.text)
    TIM7_DAC_IRQHandler                      0x080002f7   Thumb Code     0  startup_stm32g474xx.o(.text)
    TIM8_BRK_IRQHandler                      0x080002f7   Thumb Code     0  startup_stm32g474xx.o(.text)
    TIM8_CC_IRQHandler                       0x080002f7   Thumb Code     0  startup_stm32g474xx.o(.text)
    TIM8_TRG_COM_IRQHandler                  0x080002f7   Thumb Code     0  startup_stm32g474xx.o(.text)
    TIM8_UP_IRQHandler                       0x080002f7   Thumb Code     0  startup_stm32g474xx.o(.text)
    UART4_IRQHandler                         0x080002f7   Thumb Code     0  startup_stm32g474xx.o(.text)
    UART5_IRQHandler                         0x080002f7   Thumb Code     0  startup_stm32g474xx.o(.text)
    UCPD1_IRQHandler                         0x080002f7   Thumb Code     0  startup_stm32g474xx.o(.text)
    USART2_IRQHandler                        0x080002f7   Thumb Code     0  startup_stm32g474xx.o(.text)
    USART3_IRQHandler                        0x080002f7   Thumb Code     0  startup_stm32g474xx.o(.text)
    USBWakeUp_IRQHandler                     0x080002f7   Thumb Code     0  startup_stm32g474xx.o(.text)
    USB_HP_IRQHandler                        0x080002f7   Thumb Code     0  startup_stm32g474xx.o(.text)
    USB_LP_IRQHandler                        0x080002f7   Thumb Code     0  startup_stm32g474xx.o(.text)
    WWDG_IRQHandler                          0x080002f7   Thumb Code     0  startup_stm32g474xx.o(.text)
    __user_initial_stackheap                 0x080002f9   Thumb Code     0  startup_stm32g474xx.o(.text)
    __aeabi_uldivmod                         0x0800031d   Thumb Code     0  lludivv7m.o(.text)
    _ll_udiv                                 0x0800031d   Thumb Code   238  lludivv7m.o(.text)
    __2sprintf                               0x0800040d   Thumb Code    34  noretval__2sprintf.o(.text)
    __printf                                 0x08000435   Thumb Code   352  __printf_ss_wp.o(.text)
    __0sscanf                                0x08000595   Thumb Code    52  __0sscanf.o(.text)
    strlen                                   0x080005d1   Thumb Code    62  strlen.o(.text)
    __aeabi_memclr4                          0x0800060f   Thumb Code     0  rt_memclr_w.o(.text)
    __aeabi_memclr8                          0x0800060f   Thumb Code     0  rt_memclr_w.o(.text)
    __rt_memclr_w                            0x0800060f   Thumb Code    78  rt_memclr_w.o(.text)
    _memset_w                                0x08000613   Thumb Code     0  rt_memclr_w.o(.text)
    __use_two_region_memory                  0x0800065d   Thumb Code     2  heapauxi.o(.text)
    __rt_heap_escrow$2region                 0x0800065f   Thumb Code     2  heapauxi.o(.text)
    __rt_heap_expand$2region                 0x08000661   Thumb Code     2  heapauxi.o(.text)
    __read_errno                             0x08000663   Thumb Code    10  _rserrno.o(.text)
    __set_errno                              0x0800066d   Thumb Code    12  _rserrno.o(.text)
    __lib_sel_fp_printf                      0x08000679   Thumb Code     2  _printf_fp_dec.o(.text)
    _printf_fp_dec_real                      0x08000827   Thumb Code   620  _printf_fp_dec.o(.text)
    _printf_char_common                      0x08000a9f   Thumb Code    32  _printf_char_common.o(.text)
    _sputc                                   0x08000ac5   Thumb Code    10  _sputc.o(.text)
    _scanf_really_real                       0x08000ccd   Thumb Code   668  scanf_fp.o(.text)
    __vfscanf_char                           0x08000f81   Thumb Code    24  scanf_char.o(.text)
    _sgetc                                   0x08000fa1   Thumb Code    30  _sgetc.o(.text)
    _sbackspace                              0x08000fbf   Thumb Code    34  _sgetc.o(.text)
    __rt_locale                              0x08000fe1   Thumb Code     8  rt_locale_intlibspace.o(.text)
    __aeabi_errno_addr                       0x08000fe9   Thumb Code     8  rt_errno_addr_intlibspace.o(.text)
    __errno$intlibspace                      0x08000fe9   Thumb Code     0  rt_errno_addr_intlibspace.o(.text)
    __rt_errno_addr$intlibspace              0x08000fe9   Thumb Code     0  rt_errno_addr_intlibspace.o(.text)
    _ll_udiv10                               0x08000ff1   Thumb Code   138  lludiv10.o(.text)
    isspace                                  0x0800107b   Thumb Code    18  isspace.o(.text)
    _printf_fp_infnan                        0x0800108d   Thumb Code   112  _printf_fp_infnan.o(.text)
    __vfscanf                                0x0800110d   Thumb Code   878  _scanf.o(.text)
    _btod_etento                             0x08001481   Thumb Code   216  bigflt0.o(.text)
    __user_libspace                          0x0800155d   Thumb Code     8  libspace.o(.text)
    __user_perproc_libspace                  0x0800155d   Thumb Code     0  libspace.o(.text)
    __user_perthread_libspace                0x0800155d   Thumb Code     0  libspace.o(.text)
    __user_setup_stackheap                   0x08001565   Thumb Code    74  sys_stackheap_outer.o(.text)
    __rt_ctype_table                         0x080015b1   Thumb Code    16  rt_ctype_table.o(.text)
    _scanf_really_hex_real                   0x080015c1   Thumb Code   778  scanf_hexfp.o(.text)
    _scanf_really_infnan                     0x080018d9   Thumb Code   292  scanf_infnan.o(.text)
    exit                                     0x08001a0d   Thumb Code    12  exit.o(.text)
    strcmp                                   0x08001a19   Thumb Code   128  strcmpv7m.o(.text)
    __aeabi_llsl                             0x08001a99   Thumb Code     0  llshl.o(.text)
    _ll_shift_l                              0x08001a99   Thumb Code    38  llshl.o(.text)
    _chval                                   0x08001abf   Thumb Code    28  _chval.o(.text)
    _sys_exit                                0x08001add   Thumb Code     8  sys_exit.o(.text)
    __I$use$semihosting                      0x08001ae9   Thumb Code     0  use_no_semi.o(.text)
    __use_no_semihosting_swi                 0x08001ae9   Thumb Code     2  use_no_semi.o(.text)
    __semihosting_library_function           0x08001aeb   Thumb Code     0  indicate_semi.o(.text)
    _btod_d2e                                0x08001aeb   Thumb Code    62  btod.o(CL$$btod_d2e)
    _d2e_denorm_low                          0x08001b29   Thumb Code    70  btod.o(CL$$btod_d2e_denorm_low)
    _d2e_norm_op1                            0x08001b6f   Thumb Code    96  btod.o(CL$$btod_d2e_norm_op1)
    __btod_div_common                        0x08001bcf   Thumb Code   696  btod.o(CL$$btod_div_common)
    _e2d                                     0x08001f09   Thumb Code    80  btod.o(CL$$btod_e2d)
    _e2e                                     0x08001f5d   Thumb Code   198  btod.o(CL$$btod_e2e)
    _btod_ediv                               0x08002023   Thumb Code    40  btod.o(CL$$btod_ediv)
    _btod_edivd                              0x0800204b   Thumb Code    40  btod.o(CL$$btod_edivd)
    _btod_emul                               0x08002073   Thumb Code    40  btod.o(CL$$btod_emul)
    _btod_emuld                              0x0800209b   Thumb Code    40  btod.o(CL$$btod_emuld)
    __btod_mult_common                       0x080020c3   Thumb Code   580  btod.o(CL$$btod_mult_common)
    BackGround_Init                          0x08002307   Thumb Code   194  background.o(i.BackGround_Init)
    BusFault_Handler                         0x080023c9   Thumb Code     2  stm32g4xx_it.o(i.BusFault_Handler)
    DAC_DMAConvCpltCh1                       0x080023cb   Thumb Code    16  stm32g4xx_hal_dac.o(i.DAC_DMAConvCpltCh1)
    DAC_DMAConvCpltCh2                       0x080023db   Thumb Code    16  stm32g4xx_hal_dac_ex.o(i.DAC_DMAConvCpltCh2)
    DAC_DMAErrorCh1                          0x080023eb   Thumb Code    24  stm32g4xx_hal_dac.o(i.DAC_DMAErrorCh1)
    DAC_DMAErrorCh2                          0x08002403   Thumb Code    24  stm32g4xx_hal_dac_ex.o(i.DAC_DMAErrorCh2)
    DAC_DMAHalfConvCpltCh1                   0x0800241b   Thumb Code    10  stm32g4xx_hal_dac.o(i.DAC_DMAHalfConvCpltCh1)
    DAC_DMAHalfConvCpltCh2                   0x08002425   Thumb Code    10  stm32g4xx_hal_dac_ex.o(i.DAC_DMAHalfConvCpltCh2)
    DMA1_Channel1_IRQHandler                 0x08002431   Thumb Code     6  stm32g4xx_it.o(i.DMA1_Channel1_IRQHandler)
    DebugMon_Handler                         0x080024df   Thumb Code     2  stm32g4xx_it.o(i.DebugMon_Handler)
    EXTI15_10_IRQHandler                     0x080024e1   Thumb Code     8  stm32g4xx_it.o(i.EXTI15_10_IRQHandler)
    Error_Handler                            0x080024e9   Thumb Code     4  main.o(i.Error_Handler)
    HAL_DACEx_ConvCpltCallbackCh2            0x080024ed   Thumb Code     2  stm32g4xx_hal_dac_ex.o(i.HAL_DACEx_ConvCpltCallbackCh2)
    HAL_DACEx_ConvHalfCpltCallbackCh2        0x080024ef   Thumb Code     2  stm32g4xx_hal_dac_ex.o(i.HAL_DACEx_ConvHalfCpltCallbackCh2)
    HAL_DACEx_ErrorCallbackCh2               0x080024f1   Thumb Code     2  stm32g4xx_hal_dac_ex.o(i.HAL_DACEx_ErrorCallbackCh2)
    HAL_DAC_ConfigChannel                    0x080024f5   Thumb Code   428  stm32g4xx_hal_dac.o(i.HAL_DAC_ConfigChannel)
    HAL_DAC_ConvCpltCallbackCh1              0x080026a9   Thumb Code     2  stm32g4xx_hal_dac.o(i.HAL_DAC_ConvCpltCallbackCh1)
    HAL_DAC_ConvHalfCpltCallbackCh1          0x080026ab   Thumb Code     2  stm32g4xx_hal_dac.o(i.HAL_DAC_ConvHalfCpltCallbackCh1)
    HAL_DAC_ErrorCallbackCh1                 0x080026ad   Thumb Code     2  stm32g4xx_hal_dac.o(i.HAL_DAC_ErrorCallbackCh1)
    HAL_DAC_Init                             0x080026af   Thumb Code    40  stm32g4xx_hal_dac.o(i.HAL_DAC_Init)
    HAL_DAC_MspInit                          0x080026d9   Thumb Code    84  dac.o(i.HAL_DAC_MspInit)
    HAL_DAC_Start_DMA                        0x0800273d   Thumb Code   258  stm32g4xx_hal_dac.o(i.HAL_DAC_Start_DMA)
    HAL_DAC_Stop_DMA                         0x08002859   Thumb Code    84  stm32g4xx_hal_dac.o(i.HAL_DAC_Stop_DMA)
    HAL_DMA_Abort                            0x080028ad   Thumb Code   106  stm32g4xx_hal_dma.o(i.HAL_DMA_Abort)
    HAL_DMA_Abort_IT                         0x08002917   Thumb Code   120  stm32g4xx_hal_dma.o(i.HAL_DMA_Abort_IT)
    HAL_DMA_IRQHandler                       0x0800298f   Thumb Code   186  stm32g4xx_hal_dma.o(i.HAL_DMA_IRQHandler)
    HAL_DMA_Init                             0x08002a49   Thumb Code   178  stm32g4xx_hal_dma.o(i.HAL_DMA_Init)
    HAL_DMA_Start_IT                         0x08002b09   Thumb Code   140  stm32g4xx_hal_dma.o(i.HAL_DMA_Start_IT)
    HAL_Delay                                0x08002b95   Thumb Code    32  stm32g4xx_hal.o(i.HAL_Delay)
    HAL_GPIO_EXTI_Callback                   0x08002bb9   Thumb Code     2  main.o(i.HAL_GPIO_EXTI_Callback)
    HAL_GPIO_EXTI_IRQHandler                 0x08002bbd   Thumb Code    18  stm32g4xx_hal_gpio.o(i.HAL_GPIO_EXTI_IRQHandler)
    HAL_GPIO_Init                            0x08002bd5   Thumb Code   550  stm32g4xx_hal_gpio.o(i.HAL_GPIO_Init)
    HAL_GPIO_ReadPin                         0x08002e1d   Thumb Code    10  stm32g4xx_hal_gpio.o(i.HAL_GPIO_ReadPin)
    HAL_GPIO_WritePin                        0x08002e27   Thumb Code    10  stm32g4xx_hal_gpio.o(i.HAL_GPIO_WritePin)
    HAL_GetTick                              0x08002e31   Thumb Code     6  stm32g4xx_hal.o(i.HAL_GetTick)
    HAL_IncTick                              0x08002e3d   Thumb Code    12  stm32g4xx_hal.o(i.HAL_IncTick)
    HAL_Init                                 0x08002e4d   Thumb Code    30  stm32g4xx_hal.o(i.HAL_Init)
    HAL_InitTick                             0x08002e6d   Thumb Code    58  stm32g4xx_hal.o(i.HAL_InitTick)
    HAL_MspInit                              0x08002eb1   Thumb Code    42  stm32g4xx_hal_msp.o(i.HAL_MspInit)
    HAL_NVIC_EnableIRQ                       0x08002ee1   Thumb Code    26  stm32g4xx_hal_cortex.o(i.HAL_NVIC_EnableIRQ)
    HAL_NVIC_SetPriority                     0x08002efd   Thumb Code    60  stm32g4xx_hal_cortex.o(i.HAL_NVIC_SetPriority)
    HAL_NVIC_SetPriorityGrouping             0x08002f3d   Thumb Code    26  stm32g4xx_hal_cortex.o(i.HAL_NVIC_SetPriorityGrouping)
    HAL_OPAMP_Init                           0x08002f61   Thumb Code   236  stm32g4xx_hal_opamp.o(i.HAL_OPAMP_Init)
    HAL_OPAMP_MspInit                        0x08003055   Thumb Code    66  opamp.o(i.HAL_OPAMP_MspInit)
    HAL_OPAMP_Start                          0x080030a5   Thumb Code    44  stm32g4xx_hal_opamp.o(i.HAL_OPAMP_Start)
    HAL_PWREx_ControlVoltageScaling          0x080030d1   Thumb Code   174  stm32g4xx_hal_pwr_ex.o(i.HAL_PWREx_ControlVoltageScaling)
    HAL_PWREx_DisableUCPDDeadBattery         0x0800318d   Thumb Code    12  stm32g4xx_hal_pwr_ex.o(i.HAL_PWREx_DisableUCPDDeadBattery)
    HAL_RCCEx_PeriphCLKConfig                0x0800319d   Thumb Code   758  stm32g4xx_hal_rcc_ex.o(i.HAL_RCCEx_PeriphCLKConfig)
    HAL_RCC_ClockConfig                      0x0800349d   Thumb Code   444  stm32g4xx_hal_rcc.o(i.HAL_RCC_ClockConfig)
    HAL_RCC_GetHCLKFreq                      0x08003679   Thumb Code     6  stm32g4xx_hal_rcc.o(i.HAL_RCC_GetHCLKFreq)
    HAL_RCC_GetPCLK1Freq                     0x08003685   Thumb Code    24  stm32g4xx_hal_rcc.o(i.HAL_RCC_GetPCLK1Freq)
    HAL_RCC_GetPCLK2Freq                     0x080036a9   Thumb Code    24  stm32g4xx_hal_rcc.o(i.HAL_RCC_GetPCLK2Freq)
    HAL_RCC_GetSysClockFreq                  0x080036cd   Thumb Code    98  stm32g4xx_hal_rcc.o(i.HAL_RCC_GetSysClockFreq)
    HAL_RCC_OscConfig                        0x0800373d   Thumb Code  1036  stm32g4xx_hal_rcc.o(i.HAL_RCC_OscConfig)
    HAL_SYSTICK_CLKSourceConfig              0x08003b49   Thumb Code    24  stm32g4xx_hal_cortex.o(i.HAL_SYSTICK_CLKSourceConfig)
    HAL_SYSTICK_Config                       0x08003b61   Thumb Code    40  stm32g4xx_hal_cortex.o(i.HAL_SYSTICK_Config)
    HAL_TIMEx_ConfigBreakDeadTime            0x08003b89   Thumb Code   192  stm32g4xx_hal_tim_ex.o(i.HAL_TIMEx_ConfigBreakDeadTime)
    HAL_TIMEx_MasterConfigSynchronization    0x08003c55   Thumb Code   150  stm32g4xx_hal_tim_ex.o(i.HAL_TIMEx_MasterConfigSynchronization)
    HAL_TIM_Base_Init                        0x08003d0d   Thumb Code    98  stm32g4xx_hal_tim.o(i.HAL_TIM_Base_Init)
    HAL_TIM_Base_MspInit                     0x08003d71   Thumb Code    52  tim.o(i.HAL_TIM_Base_MspInit)
    HAL_TIM_Base_Start                       0x08003db1   Thumb Code    96  stm32g4xx_hal_tim.o(i.HAL_TIM_Base_Start)
    HAL_TIM_Base_Stop                        0x08003e31   Thumb Code    38  stm32g4xx_hal_tim.o(i.HAL_TIM_Base_Stop)
    HAL_TIM_ConfigClockSource                0x08003e59   Thumb Code   234  stm32g4xx_hal_tim.o(i.HAL_TIM_ConfigClockSource)
    HAL_TIM_MspPostInit                      0x08003f49   Thumb Code    68  tim.o(i.HAL_TIM_MspPostInit)
    HAL_TIM_PWM_ConfigChannel                0x08003f99   Thumb Code   292  stm32g4xx_hal_tim.o(i.HAL_TIM_PWM_ConfigChannel)
    HAL_TIM_PWM_Init                         0x080040bd   Thumb Code    98  stm32g4xx_hal_tim.o(i.HAL_TIM_PWM_Init)
    HAL_TIM_PWM_MspInit                      0x0800411f   Thumb Code     2  stm32g4xx_hal_tim.o(i.HAL_TIM_PWM_MspInit)
    HAL_TIM_PWM_Start                        0x08004121   Thumb Code   234  stm32g4xx_hal_tim.o(i.HAL_TIM_PWM_Start)
    HAL_UARTEx_DisableFifoMode               0x08004235   Thumb Code    62  stm32g4xx_hal_uart_ex.o(i.HAL_UARTEx_DisableFifoMode)
    HAL_UARTEx_RxEventCallback               0x08004273   Thumb Code     2  stm32g4xx_hal_uart.o(i.HAL_UARTEx_RxEventCallback)
    HAL_UARTEx_RxFifoFullCallback            0x08004275   Thumb Code     2  stm32g4xx_hal_uart_ex.o(i.HAL_UARTEx_RxFifoFullCallback)
    HAL_UARTEx_SetRxFifoThreshold            0x08004277   Thumb Code    76  stm32g4xx_hal_uart_ex.o(i.HAL_UARTEx_SetRxFifoThreshold)
    HAL_UARTEx_SetTxFifoThreshold            0x080042c3   Thumb Code    76  stm32g4xx_hal_uart_ex.o(i.HAL_UARTEx_SetTxFifoThreshold)
    HAL_UARTEx_TxFifoEmptyCallback           0x0800430f   Thumb Code     2  stm32g4xx_hal_uart_ex.o(i.HAL_UARTEx_TxFifoEmptyCallback)
    HAL_UARTEx_WakeupCallback                0x08004311   Thumb Code     2  stm32g4xx_hal_uart_ex.o(i.HAL_UARTEx_WakeupCallback)
    HAL_UART_ErrorCallback                   0x08004313   Thumb Code     2  stm32g4xx_hal_uart.o(i.HAL_UART_ErrorCallback)
    HAL_UART_IRQHandler                      0x08004315   Thumb Code   722  stm32g4xx_hal_uart.o(i.HAL_UART_IRQHandler)
    HAL_UART_Init                            0x080045f5   Thumb Code   106  stm32g4xx_hal_uart.o(i.HAL_UART_Init)
    HAL_UART_MspInit                         0x08004661   Thumb Code   128  usart.o(i.HAL_UART_MspInit)
    HAL_UART_TxCpltCallback                  0x080046ed   Thumb Code     2  stm32g4xx_hal_uart.o(i.HAL_UART_TxCpltCallback)
    HardFault_Handler                        0x080046ef   Thumb Code     2  stm32g4xx_it.o(i.HardFault_Handler)
    I2C_WriteByte                            0x080046f1   Thumb Code    48  oled_i2c.o(i.I2C_WriteByte)
    IIC_Init                                 0x08004721   Thumb Code    28  myiic.o(i.IIC_Init)
    IIC_Send_Byte                            0x08004741   Thumb Code   116  myiic.o(i.IIC_Send_Byte)
    IIC_Start                                0x080047b9   Thumb Code    80  myiic.o(i.IIC_Start)
    IIC_Stop                                 0x0800480d   Thumb Code    82  myiic.o(i.IIC_Stop)
    IIC_Wait_Ack                             0x08004865   Thumb Code   102  myiic.o(i.IIC_Wait_Ack)
    MX_DAC4_Init                             0x080048d1   Thumb Code    80  dac.o(i.MX_DAC4_Init)
    MX_DMA_Init                              0x08004929   Thumb Code    56  dma.o(i.MX_DMA_Init)
    MX_GPIO_Init                             0x08004965   Thumb Code   160  gpio.o(i.MX_GPIO_Init)
    MX_OPAMP4_Init                           0x08004a11   Thumb Code    44  opamp.o(i.MX_OPAMP4_Init)
    MX_TIM1_Init                             0x08004a45   Thumb Code   214  tim.o(i.MX_TIM1_Init)
    MX_TIM6_Init                             0x08004b25   Thumb Code    60  tim.o(i.MX_TIM6_Init)
    MX_USART1_UART_Init                      0x08004b69   Thumb Code    94  usart.o(i.MX_USART1_UART_Init)
    MemManage_Handler                        0x08004bd1   Thumb Code     2  stm32g4xx_it.o(i.MemManage_Handler)
    MyUSART1_CanReadLine                     0x08004bd5   Thumb Code    40  myusart1.o(i.MyUSART1_CanReadLine)
    MyUSART1_IRQHandler                      0x08004c05   Thumb Code    40  myusart1.o(i.MyUSART1_IRQHandler)
    MyUSART1_Init                            0x08004c39   Thumb Code    16  myusart1.o(i.MyUSART1_Init)
    MyUSART1_ReadLine                        0x08004c4d   Thumb Code    62  myusart1.o(i.MyUSART1_ReadLine)
    NMI_Handler                              0x08004c95   Thumb Code     2  stm32g4xx_it.o(i.NMI_Handler)
    OLED_CLS                                 0x08004c97   Thumb Code     6  oled_i2c.o(i.OLED_CLS)
    OLED_Fill                                0x08004c9d   Thumb Code    56  oled_i2c.o(i.OLED_Fill)
    OLED_Init                                0x08004cd5   Thumb Code   194  oled_i2c.o(i.OLED_Init)
    OLED_ON                                  0x08004d9d   Thumb Code    24  oled_i2c.o(i.OLED_ON)
    OLED_SetPos                              0x08004db5   Thumb Code    38  oled_i2c.o(i.OLED_SetPos)
    OLED_ShowCN                              0x08004ddd   Thumb Code    66  oled_i2c.o(i.OLED_ShowCN)
    OLED_ShowChar                            0x08004e25   Thumb Code   116  oled_i2c.o(i.OLED_ShowChar)
    OLED_ShowFloat                           0x08004ea1   Thumb Code    48  oled_i2c.o(i.OLED_ShowFloat)
    OLED_ShowFloat_2f                        0x08004ed9   Thumb Code    48  oled_i2c.o(i.OLED_ShowFloat_2f)
    OLED_ShowInt                             0x08004f11   Thumb Code   134  oled_i2c.o(i.OLED_ShowInt)
    OLED_ShowStr                             0x08004f99   Thumb Code   208  oled_i2c.o(i.OLED_ShowStr)
    PendSV_Handler                           0x08005071   Thumb Code     2  stm32g4xx_it.o(i.PendSV_Handler)
    SVC_Handler                              0x08005073   Thumb Code     2  stm32g4xx_it.o(i.SVC_Handler)
    SysTick_Handler                          0x08005075   Thumb Code     4  stm32g4xx_it.o(i.SysTick_Handler)
    SystemClock_Config                       0x08005079   Thumb Code   102  main.o(i.SystemClock_Config)
    SystemInit                               0x080050e1   Thumb Code    12  system_stm32g4xx.o(i.SystemInit)
    TIM6_Init                                0x080050f1   Thumb Code    96  time.o(i.TIM6_Init)
    TIM_Base_SetConfig                       0x0800515d   Thumb Code   176  stm32g4xx_hal_tim.o(i.TIM_Base_SetConfig)
    TIM_CCxChannelCmd                        0x08005231   Thumb Code    26  stm32g4xx_hal_tim.o(i.TIM_CCxChannelCmd)
    TIM_ETR_SetConfig                        0x0800524b   Thumb Code    20  stm32g4xx_hal_tim.o(i.TIM_ETR_SetConfig)
    TIM_OC2_SetConfig                        0x08005321   Thumb Code   132  stm32g4xx_hal_tim.o(i.TIM_OC2_SetConfig)
    UART_AdvFeatureConfig                    0x08005681   Thumb Code   200  stm32g4xx_hal_uart.o(i.UART_AdvFeatureConfig)
    UART_CheckIdleState                      0x08005749   Thumb Code    96  stm32g4xx_hal_uart.o(i.UART_CheckIdleState)
    UART_SetConfig                           0x08005811   Thumb Code   614  stm32g4xx_hal_uart.o(i.UART_SetConfig)
    UART_WaitOnFlagUntilTimeout              0x08005aa9   Thumb Code   198  stm32g4xx_hal_uart.o(i.UART_WaitOnFlagUntilTimeout)
    USART1_IRQHandler                        0x08005b71   Thumb Code    22  stm32g4xx_it.o(i.USART1_IRQHandler)
    USTART_Control                           0x08005b91   Thumb Code   788  usart_control.o(i.USTART_Control)
    UsageFault_Handler                       0x08005ef5   Thumb Code     2  stm32g4xx_it.o(i.UsageFault_Handler)
    WaveStart                                0x08005ef9   Thumb Code    86  wave.o(i.WaveStart)
    WriteCmd                                 0x08005f65   Thumb Code     8  oled_i2c.o(i.WriteCmd)
    WriteDat                                 0x08005f6d   Thumb Code     8  oled_i2c.o(i.WriteDat)
    __ARM_fpclassify                         0x08005f75   Thumb Code    48  fpclassify.o(i.__ARM_fpclassify)
    __MyUSART1_Shift                         0x08005fa5   Thumb Code    34  myusart1.o(i.__MyUSART1_Shift)
    __hardfp_ldexp                           0x08005ff1   Thumb Code   200  ldexp.o(i.__hardfp_ldexp)
    __hardfp_sin                             0x080060c1   Thumb Code   180  sin.o(i.__hardfp_sin)
    __ieee754_rem_pio2                       0x08006189   Thumb Code   938  rred.o(i.__ieee754_rem_pio2)
    __kernel_cos                             0x080065c1   Thumb Code   322  cos_i.o(i.__kernel_cos)
    __kernel_poly                            0x08006731   Thumb Code   248  poly.o(i.__kernel_poly)
    __kernel_sin                             0x08006829   Thumb Code   280  sin_i.o(i.__kernel_sin)
    __mathlib_dbl_infnan                     0x08006959   Thumb Code    20  dunder.o(i.__mathlib_dbl_infnan)
    __mathlib_dbl_invalid                    0x08006971   Thumb Code    24  dunder.o(i.__mathlib_dbl_invalid)
    __mathlib_dbl_overflow                   0x08006991   Thumb Code    24  dunder.o(i.__mathlib_dbl_overflow)
    __mathlib_dbl_underflow                  0x080069b1   Thumb Code    24  dunder.o(i.__mathlib_dbl_underflow)
    __mathlib_narrow                         0x080069d1   Thumb Code   166  narrow.o(i.__mathlib_narrow)
    __support_ldexp                          0x08006a89   Thumb Code    20  ldexp.o(i.__support_ldexp)
    _is_digit                                0x08006a9d   Thumb Code    14  __printf_wp.o(i._is_digit)
    ampShow                                  0x08006aab   Thumb Code    70  background.o(i.ampShow)
    delay_init                               0x08006af1   Thumb Code    16  delay.o(i.delay_init)
    delay_ms                                 0x08006b05   Thumb Code    10  delay.o(i.delay_ms)
    delay_us                                 0x08006b11   Thumb Code    48  delay.o(i.delay_us)
    fabs                                     0x08006b45   Thumb Code    24  fabs.o(i.fabs)
    freShow                                  0x08006b5d   Thumb Code   100  background.o(i.freShow)
    fre_ampShow                              0x08006bc1   Thumb Code   130  background.o(i.fre_ampShow)
    frexp                                    0x08006c61   Thumb Code   118  frexp.o(i.frexp)
    main                                     0x08006ced   Thumb Code   146  main.o(i.main)
    select                                   0x08006d99   Thumb Code   108  background.o(i.select)
    sin_Generation                           0x08006e05   Thumb Code   116  wave.o(i.sin_Generation)
    squ_Generation                           0x08006e9d   Thumb Code    74  wave.o(i.squ_Generation)
    tri_Generation                           0x08006ef5   Thumb Code   110  wave.o(i.tri_Generation)
    _get_lc_numeric                          0x08006f69   Thumb Code    44  lc_numeric_c.o(locale$$code)
    _get_lc_ctype                            0x08006f95   Thumb Code    44  lc_ctype_c.o(locale$$code)
    __aeabi_dneg                             0x08006fc1   Thumb Code     0  basic.o(x$fpl$basic)
    _dneg                                    0x08006fc1   Thumb Code     6  basic.o(x$fpl$basic)
    __aeabi_fneg                             0x08006fc7   Thumb Code     0  basic.o(x$fpl$basic)
    _fneg                                    0x08006fc7   Thumb Code     6  basic.o(x$fpl$basic)
    _dabs                                    0x08006fcd   Thumb Code     6  basic.o(x$fpl$basic)
    _fabs                                    0x08006fd3   Thumb Code     6  basic.o(x$fpl$basic)
    __aeabi_d2f                              0x08006fd9   Thumb Code     0  d2f.o(x$fpl$d2f)
    _d2f                                     0x08006fd9   Thumb Code    98  d2f.o(x$fpl$d2f)
    __aeabi_dadd                             0x0800703d   Thumb Code     0  daddsub_clz.o(x$fpl$dadd)
    _dadd                                    0x0800703d   Thumb Code   332  daddsub_clz.o(x$fpl$dadd)
    __fpl_dcheck_NaN1                        0x0800718d   Thumb Code    10  dcheck1.o(x$fpl$dcheck1)
    __fpl_dcmp_Inf                           0x0800719d   Thumb Code    24  dcmpi.o(x$fpl$dcmpinf)
    __aeabi_ddiv                             0x080071b5   Thumb Code     0  ddiv.o(x$fpl$ddiv)
    _ddiv                                    0x080071b5   Thumb Code   552  ddiv.o(x$fpl$ddiv)
    __aeabi_cdcmpeq                          0x08007465   Thumb Code     0  deqf.o(x$fpl$deqf)
    _dcmpeq                                  0x08007465   Thumb Code   120  deqf.o(x$fpl$deqf)
    __aeabi_d2iz                             0x080074dd   Thumb Code     0  dfix.o(x$fpl$dfix)
    _dfix                                    0x080074dd   Thumb Code    94  dfix.o(x$fpl$dfix)
    __aeabi_d2uiz                            0x0800753d   Thumb Code     0  dfixu.o(x$fpl$dfixu)
    _dfixu                                   0x0800753d   Thumb Code    90  dfixu.o(x$fpl$dfixu)
    __aeabi_i2d                              0x08007597   Thumb Code     0  dflt_clz.o(x$fpl$dflt)
    _dflt                                    0x08007597   Thumb Code    46  dflt_clz.o(x$fpl$dflt)
    __aeabi_ui2d                             0x080075c5   Thumb Code     0  dflt_clz.o(x$fpl$dfltu)
    _dfltu                                   0x080075c5   Thumb Code    38  dflt_clz.o(x$fpl$dfltu)
    __aeabi_cdcmple                          0x080075ed   Thumb Code     0  dleqf.o(x$fpl$dleqf)
    _dcmple                                  0x080075ed   Thumb Code   120  dleqf.o(x$fpl$dleqf)
    __fpl_dcmple_InfNaN                      0x0800764f   Thumb Code     0  dleqf.o(x$fpl$dleqf)
    __aeabi_dmul                             0x08007665   Thumb Code     0  dmul.o(x$fpl$dmul)
    _dmul                                    0x08007665   Thumb Code   332  dmul.o(x$fpl$dmul)
    __fpl_dnaninf                            0x080077b9   Thumb Code   156  dnaninf.o(x$fpl$dnaninf)
    __fpl_dretinf                            0x08007855   Thumb Code    12  dretinf.o(x$fpl$dretinf)
    __aeabi_cdrcmple                         0x08007861   Thumb Code     0  drleqf.o(x$fpl$drleqf)
    _drcmple                                 0x08007861   Thumb Code   108  drleqf.o(x$fpl$drleqf)
    __aeabi_drsub                            0x080078cd   Thumb Code     0  daddsub_clz.o(x$fpl$drsb)
    _drsb                                    0x080078cd   Thumb Code    22  daddsub_clz.o(x$fpl$drsb)
    __aeabi_dsub                             0x080078e5   Thumb Code     0  daddsub_clz.o(x$fpl$dsub)
    _dsub                                    0x080078e5   Thumb Code   464  daddsub_clz.o(x$fpl$dsub)
    _fp_init                                 0x08007ab9   Thumb Code    10  fpinit.o(x$fpl$fpinit)
    __fplib_config_fpu_vfp                   0x08007ac1   Thumb Code     0  fpinit.o(x$fpl$fpinit)
    __fplib_config_pureend_doubles           0x08007ac1   Thumb Code     0  fpinit.o(x$fpl$fpinit)
    __fpl_fretinf                            0x08007ac3   Thumb Code    10  fretinf.o(x$fpl$fretinf)
    _printf_fp_dec                           0x08007acd   Thumb Code     4  printf1.o(x$fpl$printf1)
    __fpl_return_NaN                         0x08007ad1   Thumb Code   100  retnan.o(x$fpl$retnan)
    __ARM_scalbn                             0x08007b35   Thumb Code    92  scalbn.o(x$fpl$scalbn)
    _scanf_real                              0x08007b91   Thumb Code     4  scanf1.o(x$fpl$scanf1)
    _scanf_hex_real                          0x08007b95   Thumb Code     4  scanf2.o(x$fpl$scanf2)
    _scanf_infnan                            0x08007b99   Thumb Code     4  scanf2.o(x$fpl$scanf2)
    __fpl_cmpreturn                          0x08007b9d   Thumb Code    48  trapv.o(x$fpl$trapveneer)
    UARTPrescTable                           0x08007bcc   Data          24  stm32g4xx_hal_uart.o(.constdata)
    __I$use$fp                               0x08007bcc   Number         0  usenofp.o(x$fpl$usenofp)
    AHBPrescTable                            0x08007bf4   Data          16  system_stm32g4xx.o(.constdata)
    APBPrescTable                            0x08007c04   Data           8  system_stm32g4xx.o(.constdata)
    F6x8                                     0x08007c14   Data         558  oled_i2c.o(.constdata)
    F8X16                                    0x08007e42   Data        1520  oled_i2c.o(.constdata)
    Region$$Table$$Base                      0x080085ec   Number         0  anon$$obj.o(Region$$Table)
    Region$$Table$$Limit                     0x0800860c   Number         0  anon$$obj.o(Region$$Table)
    __aeabi_HUGE_VAL                         0x0800860c   Data           0  fpconst.o(c$$dinf)
    __aeabi_HUGE_VALL                        0x0800860c   Data           0  fpconst.o(c$$dinf)
    __aeabi_INFINITY                         0x0800860c   Data           0  fpconst.o(c$$dinf)
    __dInf                                   0x0800860c   Data           0  fpconst.o(c$$dinf)
    __huge_val                               0x0800860c   Data           0  fpconst.o(c$$dinf)
    __ctype                                  0x0800863d   Data           0  lc_ctype_c.o(locale$$data)
    uwTickPrio                               0x20000000   Data           4  stm32g4xx_hal.o(.data)
    uwTickFreq                               0x20000004   Data           4  stm32g4xx_hal.o(.data)
    uwTick                                   0x20000008   Data           4  stm32g4xx_hal.o(.data)
    SystemCoreClock                          0x2000000c   Data           4  system_stm32g4xx.o(.data)
    RevState                                 0x20000012   Data           1  oled_i2c.o(.data)
    brightness                               0x20000013   Data           1  oled_i2c.o(.data)
    isScrolling                              0x20000014   Data           1  oled_i2c.o(.data)
    F16x16                                   0x20000015   Data         544  oled_i2c.o(.data)
    MyUSART1_bufferOverflowFlag              0x20000238   Data           1  myusart1.o(.data)
    MyUSART1_bufferPos                       0x2000023c   Data           4  myusart1.o(.data)
    MyUSART1_dummyHandle                     0x20000240   Data           4  myusart1.o(.data)
    sinef                                    0x20000248   Data           8  usart_control.o(.data)
    sinev                                    0x20000250   Data           8  usart_control.o(.data)
    squf1                                    0x20000258   Data           8  usart_control.o(.data)
    squv1                                    0x20000260   Data           8  usart_control.o(.data)
    trif                                     0x20000268   Data           8  usart_control.o(.data)
    triv                                     0x20000270   Data           8  usart_control.o(.data)
    squf2                                    0x20000278   Data           8  usart_control.o(.data)
    squr                                     0x20000280   Data           8  usart_control.o(.data)
    hdac4                                    0x20000288   Data          20  dac.o(.bss)
    hdma_dac4_ch1                            0x2000029c   Data          96  dac.o(.bss)
    hopamp4                                  0x200002fc   Data          60  opamp.o(.bss)
    htim1                                    0x20000338   Data          76  tim.o(.bss)
    htim6                                    0x20000384   Data          76  tim.o(.bss)
    huart1                                   0x200003d0   Data         144  usart.o(.bss)
    MyUSART1_buffer                          0x20000460   Data         100  myusart1.o(.bss)
    squTable                                 0x200004c4   Data        1000  wave.o(.bss)
    triTable                                 0x200008ac   Data        1000  wave.o(.bss)
    sinTable                                 0x20000c94   Data        1000  wave.o(.bss)
    __libspace_start                         0x2000107c   Data          96  libspace.o(.bss)
    __temporary_stack_top$libspace           0x200010dc   Data           0  libspace.o(.bss)



==============================================================================

Memory Map of the image

  Image Entry point : 0x080001d9

  Load Region LR_IROM1 (Base: 0x08000000, Size: 0x000089c8, Max: 0x00080000, ABSOLUTE, COMPRESSED[0x0000890c])

    Execution Region ER_IROM1 (Exec base: 0x08000000, Load base: 0x08000000, Size: 0x00008740, Max: 0x00080000, ABSOLUTE)

    Exec Addr    Load Addr    Size         Type   Attr      Idx    E Section Name        Object

    0x08000000   0x08000000   0x000001d8   Data   RO            3    RESET               startup_stm32g474xx.o
    0x080001d8   0x080001d8   0x00000008   Code   RO         4815  * !!!main             c_w.l(__main.o)
    0x080001e0   0x080001e0   0x00000034   Code   RO         5210    !!!scatter          c_w.l(__scatter.o)
    0x08000214   0x08000214   0x0000005a   Code   RO         5208    !!dczerorl2         c_w.l(__dczerorl2.o)
    0x0800026e   0x0800026e   0x00000002   PAD
    0x08000270   0x08000270   0x0000001c   Code   RO         5212    !!handler_zi        c_w.l(__scatter_zi.o)
    0x0800028c   0x0800028c   0x00000000   Code   RO         4806    .ARM.Collect$$_printf_percent$$00000000  c_w.l(_printf_percent.o)
    0x0800028c   0x0800028c   0x00000006   Code   RO         4805    .ARM.Collect$$_printf_percent$$00000003  c_w.l(_printf_f.o)
    0x08000292   0x08000292   0x00000004   Code   RO         4876    .ARM.Collect$$_printf_percent$$00000017  c_w.l(_printf_percent_end.o)
    0x08000296   0x08000296   0x00000002   Code   RO         5038    .ARM.Collect$$libinit$$00000000  c_w.l(libinit.o)
    0x08000298   0x08000298   0x00000004   Code   RO         5039    .ARM.Collect$$libinit$$00000001  c_w.l(libinit2.o)
    0x0800029c   0x0800029c   0x00000000   Code   RO         5042    .ARM.Collect$$libinit$$00000004  c_w.l(libinit2.o)
    0x0800029c   0x0800029c   0x00000000   Code   RO         5045    .ARM.Collect$$libinit$$0000000A  c_w.l(libinit2.o)
    0x0800029c   0x0800029c   0x00000000   Code   RO         5047    .ARM.Collect$$libinit$$0000000C  c_w.l(libinit2.o)
    0x0800029c   0x0800029c   0x00000000   Code   RO         5049    .ARM.Collect$$libinit$$0000000E  c_w.l(libinit2.o)
    0x0800029c   0x0800029c   0x00000006   Code   RO         5050    .ARM.Collect$$libinit$$0000000F  c_w.l(libinit2.o)
    0x080002a2   0x080002a2   0x00000000   Code   RO         5052    .ARM.Collect$$libinit$$00000011  c_w.l(libinit2.o)
    0x080002a2   0x080002a2   0x0000000c   Code   RO         5053    .ARM.Collect$$libinit$$00000012  c_w.l(libinit2.o)
    0x080002ae   0x080002ae   0x00000000   Code   RO         5054    .ARM.Collect$$libinit$$00000013  c_w.l(libinit2.o)
    0x080002ae   0x080002ae   0x00000000   Code   RO         5056    .ARM.Collect$$libinit$$00000015  c_w.l(libinit2.o)
    0x080002ae   0x080002ae   0x0000000a   Code   RO         5057    .ARM.Collect$$libinit$$00000016  c_w.l(libinit2.o)
    0x080002b8   0x080002b8   0x00000000   Code   RO         5058    .ARM.Collect$$libinit$$00000017  c_w.l(libinit2.o)
    0x080002b8   0x080002b8   0x00000000   Code   RO         5060    .ARM.Collect$$libinit$$00000019  c_w.l(libinit2.o)
    0x080002b8   0x080002b8   0x00000000   Code   RO         5062    .ARM.Collect$$libinit$$0000001B  c_w.l(libinit2.o)
    0x080002b8   0x080002b8   0x00000000   Code   RO         5064    .ARM.Collect$$libinit$$0000001D  c_w.l(libinit2.o)
    0x080002b8   0x080002b8   0x00000000   Code   RO         5066    .ARM.Collect$$libinit$$0000001F  c_w.l(libinit2.o)
    0x080002b8   0x080002b8   0x00000000   Code   RO         5068    .ARM.Collect$$libinit$$00000021  c_w.l(libinit2.o)
    0x080002b8   0x080002b8   0x00000000   Code   RO         5070    .ARM.Collect$$libinit$$00000023  c_w.l(libinit2.o)
    0x080002b8   0x080002b8   0x00000000   Code   RO         5072    .ARM.Collect$$libinit$$00000025  c_w.l(libinit2.o)
    0x080002b8   0x080002b8   0x00000000   Code   RO         5076    .ARM.Collect$$libinit$$0000002C  c_w.l(libinit2.o)
    0x080002b8   0x080002b8   0x00000000   Code   RO         5078    .ARM.Collect$$libinit$$0000002E  c_w.l(libinit2.o)
    0x080002b8   0x080002b8   0x00000000   Code   RO         5080    .ARM.Collect$$libinit$$00000030  c_w.l(libinit2.o)
    0x080002b8   0x080002b8   0x00000000   Code   RO         5082    .ARM.Collect$$libinit$$00000032  c_w.l(libinit2.o)
    0x080002b8   0x080002b8   0x00000002   Code   RO         5083    .ARM.Collect$$libinit$$00000033  c_w.l(libinit2.o)
    0x080002ba   0x080002ba   0x00000002   Code   RO         5168    .ARM.Collect$$libshutdown$$00000000  c_w.l(libshutdown.o)
    0x080002bc   0x080002bc   0x00000000   Code   RO         5189    .ARM.Collect$$libshutdown$$00000003  c_w.l(libshutdown2.o)
    0x080002bc   0x080002bc   0x00000000   Code   RO         5192    .ARM.Collect$$libshutdown$$00000006  c_w.l(libshutdown2.o)
    0x080002bc   0x080002bc   0x00000000   Code   RO         5195    .ARM.Collect$$libshutdown$$00000009  c_w.l(libshutdown2.o)
    0x080002bc   0x080002bc   0x00000000   Code   RO         5197    .ARM.Collect$$libshutdown$$0000000B  c_w.l(libshutdown2.o)
    0x080002bc   0x080002bc   0x00000000   Code   RO         5200    .ARM.Collect$$libshutdown$$0000000E  c_w.l(libshutdown2.o)
    0x080002bc   0x080002bc   0x00000002   Code   RO         5201    .ARM.Collect$$libshutdown$$0000000F  c_w.l(libshutdown2.o)
    0x080002be   0x080002be   0x00000000   Code   RO         4863    .ARM.Collect$$rtentry$$00000000  c_w.l(__rtentry.o)
    0x080002be   0x080002be   0x00000000   Code   RO         4921    .ARM.Collect$$rtentry$$00000002  c_w.l(__rtentry2.o)
    0x080002be   0x080002be   0x00000006   Code   RO         4933    .ARM.Collect$$rtentry$$00000004  c_w.l(__rtentry4.o)
    0x080002c4   0x080002c4   0x00000000   Code   RO         4923    .ARM.Collect$$rtentry$$00000009  c_w.l(__rtentry2.o)
    0x080002c4   0x080002c4   0x00000004   Code   RO         4924    .ARM.Collect$$rtentry$$0000000A  c_w.l(__rtentry2.o)
    0x080002c8   0x080002c8   0x00000000   Code   RO         4926    .ARM.Collect$$rtentry$$0000000C  c_w.l(__rtentry2.o)
    0x080002c8   0x080002c8   0x00000008   Code   RO         4927    .ARM.Collect$$rtentry$$0000000D  c_w.l(__rtentry2.o)
    0x080002d0   0x080002d0   0x00000002   Code   RO         5094    .ARM.Collect$$rtexit$$00000000  c_w.l(rtexit.o)
    0x080002d2   0x080002d2   0x00000000   Code   RO         5134    .ARM.Collect$$rtexit$$00000002  c_w.l(rtexit2.o)
    0x080002d2   0x080002d2   0x00000004   Code   RO         5135    .ARM.Collect$$rtexit$$00000003  c_w.l(rtexit2.o)
    0x080002d6   0x080002d6   0x00000006   Code   RO         5136    .ARM.Collect$$rtexit$$00000004  c_w.l(rtexit2.o)
    0x080002dc   0x080002dc   0x00000040   Code   RO            4    .text               startup_stm32g474xx.o
    0x0800031c   0x0800031c   0x000000ee   Code   RO         4777    .text               c_w.l(lludivv7m.o)
    0x0800040a   0x0800040a   0x00000002   PAD
    0x0800040c   0x0800040c   0x00000028   Code   RO         4781    .text               c_w.l(noretval__2sprintf.o)
    0x08000434   0x08000434   0x00000160   Code   RO         4800    .text               c_w.l(__printf_ss_wp.o)
    0x08000594   0x08000594   0x0000003c   Code   RO         4807    .text               c_w.l(__0sscanf.o)
    0x080005d0   0x080005d0   0x0000003e   Code   RO         4809    .text               c_w.l(strlen.o)
    0x0800060e   0x0800060e   0x0000004e   Code   RO         4811    .text               c_w.l(rt_memclr_w.o)
    0x0800065c   0x0800065c   0x00000006   Code   RO         4813    .text               c_w.l(heapauxi.o)
    0x08000662   0x08000662   0x00000016   Code   RO         4868    .text               c_w.l(_rserrno.o)
    0x08000678   0x08000678   0x0000041a   Code   RO         4870    .text               c_w.l(_printf_fp_dec.o)
    0x08000a92   0x08000a92   0x00000002   PAD
    0x08000a94   0x08000a94   0x00000030   Code   RO         4872    .text               c_w.l(_printf_char_common.o)
    0x08000ac4   0x08000ac4   0x0000000a   Code   RO         4874    .text               c_w.l(_sputc.o)
    0x08000ace   0x08000ace   0x00000002   PAD
    0x08000ad0   0x08000ad0   0x000004a4   Code   RO         4877    .text               c_w.l(scanf_fp.o)
    0x08000f74   0x08000f74   0x0000002c   Code   RO         4879    .text               c_w.l(scanf_char.o)
    0x08000fa0   0x08000fa0   0x00000040   Code   RO         4881    .text               c_w.l(_sgetc.o)
    0x08000fe0   0x08000fe0   0x00000008   Code   RO         4940    .text               c_w.l(rt_locale_intlibspace.o)
    0x08000fe8   0x08000fe8   0x00000008   Code   RO         4945    .text               c_w.l(rt_errno_addr_intlibspace.o)
    0x08000ff0   0x08000ff0   0x0000008a   Code   RO         4947    .text               c_w.l(lludiv10.o)
    0x0800107a   0x0800107a   0x00000012   Code   RO         4949    .text               c_w.l(isspace.o)
    0x0800108c   0x0800108c   0x00000080   Code   RO         4951    .text               c_w.l(_printf_fp_infnan.o)
    0x0800110c   0x0800110c   0x00000374   Code   RO         4955    .text               c_w.l(_scanf.o)
    0x08001480   0x08001480   0x000000dc   Code   RO         4957    .text               c_w.l(bigflt0.o)
    0x0800155c   0x0800155c   0x00000008   Code   RO         5014    .text               c_w.l(libspace.o)
    0x08001564   0x08001564   0x0000004a   Code   RO         5017    .text               c_w.l(sys_stackheap_outer.o)
    0x080015ae   0x080015ae   0x00000002   PAD
    0x080015b0   0x080015b0   0x00000010   Code   RO         5019    .text               c_w.l(rt_ctype_table.o)
    0x080015c0   0x080015c0   0x00000318   Code   RO         5021    .text               c_w.l(scanf_hexfp.o)
    0x080018d8   0x080018d8   0x00000134   Code   RO         5023    .text               c_w.l(scanf_infnan.o)
    0x08001a0c   0x08001a0c   0x0000000c   Code   RO         5025    .text               c_w.l(exit.o)
    0x08001a18   0x08001a18   0x00000080   Code   RO         5031    .text               c_w.l(strcmpv7m.o)
    0x08001a98   0x08001a98   0x00000026   Code   RO         5098    .text               c_w.l(llshl.o)
    0x08001abe   0x08001abe   0x0000001c   Code   RO         5100    .text               c_w.l(_chval.o)
    0x08001ada   0x08001ada   0x00000002   PAD
    0x08001adc   0x08001adc   0x0000000c   Code   RO         5131    .text               c_w.l(sys_exit.o)
    0x08001ae8   0x08001ae8   0x00000002   Code   RO         5155    .text               c_w.l(use_no_semi.o)
    0x08001aea   0x08001aea   0x00000000   Code   RO         5157    .text               c_w.l(indicate_semi.o)
    0x08001aea   0x08001aea   0x0000003e   Code   RO         4960    CL$$btod_d2e        c_w.l(btod.o)
    0x08001b28   0x08001b28   0x00000046   Code   RO         4962    CL$$btod_d2e_denorm_low  c_w.l(btod.o)
    0x08001b6e   0x08001b6e   0x00000060   Code   RO         4961    CL$$btod_d2e_norm_op1  c_w.l(btod.o)
    0x08001bce   0x08001bce   0x00000338   Code   RO         4970    CL$$btod_div_common  c_w.l(btod.o)
    0x08001f06   0x08001f06   0x00000002   PAD
    0x08001f08   0x08001f08   0x00000054   Code   RO         4968    CL$$btod_e2d        c_w.l(btod.o)
    0x08001f5c   0x08001f5c   0x000000c6   Code   RO         4967    CL$$btod_e2e        c_w.l(btod.o)
    0x08002022   0x08002022   0x00000028   Code   RO         4964    CL$$btod_ediv       c_w.l(btod.o)
    0x0800204a   0x0800204a   0x00000028   Code   RO         4966    CL$$btod_edivd      c_w.l(btod.o)
    0x08002072   0x08002072   0x00000028   Code   RO         4963    CL$$btod_emul       c_w.l(btod.o)
    0x0800209a   0x0800209a   0x00000028   Code   RO         4965    CL$$btod_emuld      c_w.l(btod.o)
    0x080020c2   0x080020c2   0x00000244   Code   RO         4969    CL$$btod_mult_common  c_w.l(btod.o)
    0x08002306   0x08002306   0x000000c2   Code   RO         4172    i.BackGround_Init   background.o
    0x080023c8   0x080023c8   0x00000002   Code   RO          446    i.BusFault_Handler  stm32g4xx_it.o
    0x080023ca   0x080023ca   0x00000010   Code   RO          570    i.DAC_DMAConvCpltCh1  stm32g4xx_hal_dac.o
    0x080023da   0x080023da   0x00000010   Code   RO          714    i.DAC_DMAConvCpltCh2  stm32g4xx_hal_dac_ex.o
    0x080023ea   0x080023ea   0x00000018   Code   RO          571    i.DAC_DMAErrorCh1   stm32g4xx_hal_dac.o
    0x08002402   0x08002402   0x00000018   Code   RO          715    i.DAC_DMAErrorCh2   stm32g4xx_hal_dac_ex.o
    0x0800241a   0x0800241a   0x0000000a   Code   RO          572    i.DAC_DMAHalfConvCpltCh1  stm32g4xx_hal_dac.o
    0x08002424   0x08002424   0x0000000a   Code   RO          716    i.DAC_DMAHalfConvCpltCh2  stm32g4xx_hal_dac_ex.o
    0x0800242e   0x0800242e   0x00000002   PAD
    0x08002430   0x08002430   0x0000000c   Code   RO          447    i.DMA1_Channel1_IRQHandler  stm32g4xx_it.o
    0x0800243c   0x0800243c   0x00000040   Code   RO         1707    i.DMA_CalcDMAMUXChannelBaseAndMask  stm32g4xx_hal_dma.o
    0x0800247c   0x0800247c   0x00000024   Code   RO         1708    i.DMA_CalcDMAMUXRequestGenBaseAndMask  stm32g4xx_hal_dma.o
    0x080024a0   0x080024a0   0x0000003e   Code   RO         1709    i.DMA_SetConfig     stm32g4xx_hal_dma.o
    0x080024de   0x080024de   0x00000002   Code   RO          448    i.DebugMon_Handler  stm32g4xx_it.o
    0x080024e0   0x080024e0   0x00000008   Code   RO          449    i.EXTI15_10_IRQHandler  stm32g4xx_it.o
    0x080024e8   0x080024e8   0x00000004   Code   RO           13    i.Error_Handler     main.o
    0x080024ec   0x080024ec   0x00000002   Code   RO          717    i.HAL_DACEx_ConvCpltCallbackCh2  stm32g4xx_hal_dac_ex.o
    0x080024ee   0x080024ee   0x00000002   Code   RO          718    i.HAL_DACEx_ConvHalfCpltCallbackCh2  stm32g4xx_hal_dac_ex.o
    0x080024f0   0x080024f0   0x00000002   Code   RO          726    i.HAL_DACEx_ErrorCallbackCh2  stm32g4xx_hal_dac_ex.o
    0x080024f2   0x080024f2   0x00000002   PAD
    0x080024f4   0x080024f4   0x000001b4   Code   RO          573    i.HAL_DAC_ConfigChannel  stm32g4xx_hal_dac.o
    0x080026a8   0x080026a8   0x00000002   Code   RO          574    i.HAL_DAC_ConvCpltCallbackCh1  stm32g4xx_hal_dac.o
    0x080026aa   0x080026aa   0x00000002   Code   RO          575    i.HAL_DAC_ConvHalfCpltCallbackCh1  stm32g4xx_hal_dac.o
    0x080026ac   0x080026ac   0x00000002   Code   RO          578    i.HAL_DAC_ErrorCallbackCh1  stm32g4xx_hal_dac.o
    0x080026ae   0x080026ae   0x00000028   Code   RO          583    i.HAL_DAC_Init      stm32g4xx_hal_dac.o
    0x080026d6   0x080026d6   0x00000002   PAD
    0x080026d8   0x080026d8   0x00000064   Code   RO          243    i.HAL_DAC_MspInit   dac.o
    0x0800273c   0x0800273c   0x0000011c   Code   RO          588    i.HAL_DAC_Start_DMA  stm32g4xx_hal_dac.o
    0x08002858   0x08002858   0x00000054   Code   RO          590    i.HAL_DAC_Stop_DMA  stm32g4xx_hal_dac.o
    0x080028ac   0x080028ac   0x0000006a   Code   RO         1710    i.HAL_DMA_Abort     stm32g4xx_hal_dma.o
    0x08002916   0x08002916   0x00000078   Code   RO         1711    i.HAL_DMA_Abort_IT  stm32g4xx_hal_dma.o
    0x0800298e   0x0800298e   0x000000ba   Code   RO         1715    i.HAL_DMA_IRQHandler  stm32g4xx_hal_dma.o
    0x08002a48   0x08002a48   0x000000c0   Code   RO         1716    i.HAL_DMA_Init      stm32g4xx_hal_dma.o
    0x08002b08   0x08002b08   0x0000008c   Code   RO         1720    i.HAL_DMA_Start_IT  stm32g4xx_hal_dma.o
    0x08002b94   0x08002b94   0x00000024   Code   RO          865    i.HAL_Delay         stm32g4xx_hal.o
    0x08002bb8   0x08002bb8   0x00000002   Code   RO           14    i.HAL_GPIO_EXTI_Callback  main.o
    0x08002bba   0x08002bba   0x00000002   PAD
    0x08002bbc   0x08002bbc   0x00000018   Code   RO         1571    i.HAL_GPIO_EXTI_IRQHandler  stm32g4xx_hal_gpio.o
    0x08002bd4   0x08002bd4   0x00000248   Code   RO         1572    i.HAL_GPIO_Init     stm32g4xx_hal_gpio.o
    0x08002e1c   0x08002e1c   0x0000000a   Code   RO         1574    i.HAL_GPIO_ReadPin  stm32g4xx_hal_gpio.o
    0x08002e26   0x08002e26   0x0000000a   Code   RO         1576    i.HAL_GPIO_WritePin  stm32g4xx_hal_gpio.o
    0x08002e30   0x08002e30   0x0000000c   Code   RO          869    i.HAL_GetTick       stm32g4xx_hal.o
    0x08002e3c   0x08002e3c   0x00000010   Code   RO          872    i.HAL_IncTick       stm32g4xx_hal.o
    0x08002e4c   0x08002e4c   0x0000001e   Code   RO          873    i.HAL_Init          stm32g4xx_hal.o
    0x08002e6a   0x08002e6a   0x00000002   PAD
    0x08002e6c   0x08002e6c   0x00000044   Code   RO          874    i.HAL_InitTick      stm32g4xx_hal.o
    0x08002eb0   0x08002eb0   0x00000030   Code   RO          546    i.HAL_MspInit       stm32g4xx_hal_msp.o
    0x08002ee0   0x08002ee0   0x0000001a   Code   RO         2219    i.HAL_NVIC_EnableIRQ  stm32g4xx_hal_cortex.o
    0x08002efa   0x08002efa   0x00000002   PAD
    0x08002efc   0x08002efc   0x00000040   Code   RO         2225    i.HAL_NVIC_SetPriority  stm32g4xx_hal_cortex.o
    0x08002f3c   0x08002f3c   0x00000024   Code   RO         2226    i.HAL_NVIC_SetPriorityGrouping  stm32g4xx_hal_cortex.o
    0x08002f60   0x08002f60   0x000000f4   Code   RO         2352    i.HAL_OPAMP_Init    stm32g4xx_hal_opamp.o
    0x08003054   0x08003054   0x00000050   Code   RO          309    i.HAL_OPAMP_MspInit  opamp.o
    0x080030a4   0x080030a4   0x0000002c   Code   RO         2358    i.HAL_OPAMP_Start   stm32g4xx_hal_opamp.o
    0x080030d0   0x080030d0   0x000000bc   Code   RO         1975    i.HAL_PWREx_ControlVoltageScaling  stm32g4xx_hal_pwr_ex.o
    0x0800318c   0x0800318c   0x00000010   Code   RO         1987    i.HAL_PWREx_DisableUCPDDeadBattery  stm32g4xx_hal_pwr_ex.o
    0x0800319c   0x0800319c   0x00000300   Code   RO         1218    i.HAL_RCCEx_PeriphCLKConfig  stm32g4xx_hal_rcc_ex.o
    0x0800349c   0x0800349c   0x000001dc   Code   RO         1093    i.HAL_RCC_ClockConfig  stm32g4xx_hal_rcc.o
    0x08003678   0x08003678   0x0000000c   Code   RO         1099    i.HAL_RCC_GetHCLKFreq  stm32g4xx_hal_rcc.o
    0x08003684   0x08003684   0x00000024   Code   RO         1101    i.HAL_RCC_GetPCLK1Freq  stm32g4xx_hal_rcc.o
    0x080036a8   0x080036a8   0x00000024   Code   RO         1102    i.HAL_RCC_GetPCLK2Freq  stm32g4xx_hal_rcc.o
    0x080036cc   0x080036cc   0x00000070   Code   RO         1103    i.HAL_RCC_GetSysClockFreq  stm32g4xx_hal_rcc.o
    0x0800373c   0x0800373c   0x0000040c   Code   RO         1106    i.HAL_RCC_OscConfig  stm32g4xx_hal_rcc.o
    0x08003b48   0x08003b48   0x00000018   Code   RO         2228    i.HAL_SYSTICK_CLKSourceConfig  stm32g4xx_hal_cortex.o
    0x08003b60   0x08003b60   0x00000028   Code   RO         2230    i.HAL_SYSTICK_Config  stm32g4xx_hal_cortex.o
    0x08003b88   0x08003b88   0x000000cc   Code   RO         3178    i.HAL_TIMEx_ConfigBreakDeadTime  stm32g4xx_hal_tim_ex.o
    0x08003c54   0x08003c54   0x000000b8   Code   RO         3215    i.HAL_TIMEx_MasterConfigSynchronization  stm32g4xx_hal_tim_ex.o
    0x08003d0c   0x08003d0c   0x00000062   Code   RO         2459    i.HAL_TIM_Base_Init  stm32g4xx_hal_tim.o
    0x08003d6e   0x08003d6e   0x00000002   PAD
    0x08003d70   0x08003d70   0x00000040   Code   RO          351    i.HAL_TIM_Base_MspInit  tim.o
    0x08003db0   0x08003db0   0x00000080   Code   RO         2462    i.HAL_TIM_Base_Start  stm32g4xx_hal_tim.o
    0x08003e30   0x08003e30   0x00000026   Code   RO         2465    i.HAL_TIM_Base_Stop  stm32g4xx_hal_tim.o
    0x08003e56   0x08003e56   0x00000002   PAD
    0x08003e58   0x08003e58   0x000000f0   Code   RO         2468    i.HAL_TIM_ConfigClockSource  stm32g4xx_hal_tim.o
    0x08003f48   0x08003f48   0x00000050   Code   RO          352    i.HAL_TIM_MspPostInit  tim.o
    0x08003f98   0x08003f98   0x00000124   Code   RO         2531    i.HAL_TIM_PWM_ConfigChannel  stm32g4xx_hal_tim.o
    0x080040bc   0x080040bc   0x00000062   Code   RO         2534    i.HAL_TIM_PWM_Init  stm32g4xx_hal_tim.o
    0x0800411e   0x0800411e   0x00000002   Code   RO         2536    i.HAL_TIM_PWM_MspInit  stm32g4xx_hal_tim.o
    0x08004120   0x08004120   0x00000114   Code   RO         2539    i.HAL_TIM_PWM_Start  stm32g4xx_hal_tim.o
    0x08004234   0x08004234   0x0000003e   Code   RO         4022    i.HAL_UARTEx_DisableFifoMode  stm32g4xx_hal_uart_ex.o
    0x08004272   0x08004272   0x00000002   Code   RO         3611    i.HAL_UARTEx_RxEventCallback  stm32g4xx_hal_uart.o
    0x08004274   0x08004274   0x00000002   Code   RO         4029    i.HAL_UARTEx_RxFifoFullCallback  stm32g4xx_hal_uart_ex.o
    0x08004276   0x08004276   0x0000004c   Code   RO         4030    i.HAL_UARTEx_SetRxFifoThreshold  stm32g4xx_hal_uart_ex.o
    0x080042c2   0x080042c2   0x0000004c   Code   RO         4031    i.HAL_UARTEx_SetTxFifoThreshold  stm32g4xx_hal_uart_ex.o
    0x0800430e   0x0800430e   0x00000002   Code   RO         4033    i.HAL_UARTEx_TxFifoEmptyCallback  stm32g4xx_hal_uart_ex.o
    0x08004310   0x08004310   0x00000002   Code   RO         4034    i.HAL_UARTEx_WakeupCallback  stm32g4xx_hal_uart_ex.o
    0x08004312   0x08004312   0x00000002   Code   RO         3627    i.HAL_UART_ErrorCallback  stm32g4xx_hal_uart.o
    0x08004314   0x08004314   0x000002e0   Code   RO         3630    i.HAL_UART_IRQHandler  stm32g4xx_hal_uart.o
    0x080045f4   0x080045f4   0x0000006a   Code   RO         3631    i.HAL_UART_Init     stm32g4xx_hal_uart.o
    0x0800465e   0x0800465e   0x00000002   PAD
    0x08004660   0x08004660   0x0000008c   Code   RO          405    i.HAL_UART_MspInit  usart.o
    0x080046ec   0x080046ec   0x00000002   Code   RO         3643    i.HAL_UART_TxCpltCallback  stm32g4xx_hal_uart.o
    0x080046ee   0x080046ee   0x00000002   Code   RO          450    i.HardFault_Handler  stm32g4xx_it.o
    0x080046f0   0x080046f0   0x00000030   Code   RO         4345    i.I2C_WriteByte     oled_i2c.o
    0x08004720   0x08004720   0x00000020   Code   RO         4277    i.IIC_Init          myiic.o
    0x08004740   0x08004740   0x00000078   Code   RO         4280    i.IIC_Send_Byte     myiic.o
    0x080047b8   0x080047b8   0x00000054   Code   RO         4281    i.IIC_Start         myiic.o
    0x0800480c   0x0800480c   0x00000058   Code   RO         4282    i.IIC_Stop          myiic.o
    0x08004864   0x08004864   0x0000006c   Code   RO         4283    i.IIC_Wait_Ack      myiic.o
    0x080048d0   0x080048d0   0x00000058   Code   RO          244    i.MX_DAC4_Init      dac.o
    0x08004928   0x08004928   0x0000003c   Code   RO          284    i.MX_DMA_Init       dma.o
    0x08004964   0x08004964   0x000000ac   Code   RO          218    i.MX_GPIO_Init      gpio.o
    0x08004a10   0x08004a10   0x00000034   Code   RO          310    i.MX_OPAMP4_Init    opamp.o
    0x08004a44   0x08004a44   0x000000e0   Code   RO          353    i.MX_TIM1_Init      tim.o
    0x08004b24   0x08004b24   0x00000044   Code   RO          354    i.MX_TIM6_Init      tim.o
    0x08004b68   0x08004b68   0x00000068   Code   RO          406    i.MX_USART1_UART_Init  usart.o
    0x08004bd0   0x08004bd0   0x00000002   Code   RO          451    i.MemManage_Handler  stm32g4xx_it.o
    0x08004bd2   0x08004bd2   0x00000002   PAD
    0x08004bd4   0x08004bd4   0x00000030   Code   RO         4547    i.MyUSART1_CanReadLine  myusart1.o
    0x08004c04   0x08004c04   0x00000034   Code   RO         4551    i.MyUSART1_IRQHandler  myusart1.o
    0x08004c38   0x08004c38   0x00000014   Code   RO         4552    i.MyUSART1_Init     myusart1.o
    0x08004c4c   0x08004c4c   0x00000048   Code   RO         4557    i.MyUSART1_ReadLine  myusart1.o
    0x08004c94   0x08004c94   0x00000002   Code   RO          452    i.NMI_Handler       stm32g4xx_it.o
    0x08004c96   0x08004c96   0x00000006   Code   RO         4346    i.OLED_CLS          oled_i2c.o
    0x08004c9c   0x08004c9c   0x00000038   Code   RO         4349    i.OLED_Fill         oled_i2c.o
    0x08004cd4   0x08004cd4   0x000000c8   Code   RO         4351    i.OLED_Init         oled_i2c.o
    0x08004d9c   0x08004d9c   0x00000018   Code   RO         4353    i.OLED_ON           oled_i2c.o
    0x08004db4   0x08004db4   0x00000026   Code   RO         4357    i.OLED_SetPos       oled_i2c.o
    0x08004dda   0x08004dda   0x00000002   PAD
    0x08004ddc   0x08004ddc   0x00000048   Code   RO         4358    i.OLED_ShowCN       oled_i2c.o
    0x08004e24   0x08004e24   0x0000007c   Code   RO         4359    i.OLED_ShowChar     oled_i2c.o
    0x08004ea0   0x08004ea0   0x00000038   Code   RO         4360    i.OLED_ShowFloat    oled_i2c.o
    0x08004ed8   0x08004ed8   0x00000038   Code   RO         4361    i.OLED_ShowFloat_2f  oled_i2c.o
    0x08004f10   0x08004f10   0x00000086   Code   RO         4362    i.OLED_ShowInt      oled_i2c.o
    0x08004f96   0x08004f96   0x00000002   PAD
    0x08004f98   0x08004f98   0x000000d8   Code   RO         4365    i.OLED_ShowStr      oled_i2c.o
    0x08005070   0x08005070   0x00000002   Code   RO          453    i.PendSV_Handler    stm32g4xx_it.o
    0x08005072   0x08005072   0x00000002   Code   RO          454    i.SVC_Handler       stm32g4xx_it.o
    0x08005074   0x08005074   0x00000004   Code   RO          455    i.SysTick_Handler   stm32g4xx_it.o
    0x08005078   0x08005078   0x00000066   Code   RO           15    i.SystemClock_Config  main.o
    0x080050de   0x080050de   0x00000002   PAD
    0x080050e0   0x080050e0   0x00000010   Code   RO         4135    i.SystemInit        system_stm32g4xx.o
    0x080050f0   0x080050f0   0x0000006c   Code   RO         4520    i.TIM6_Init         time.o
    0x0800515c   0x0800515c   0x000000d4   Code   RO         2552    i.TIM_Base_SetConfig  stm32g4xx_hal_tim.o
    0x08005230   0x08005230   0x0000001a   Code   RO         2553    i.TIM_CCxChannelCmd  stm32g4xx_hal_tim.o
    0x0800524a   0x0800524a   0x00000014   Code   RO         2563    i.TIM_ETR_SetConfig  stm32g4xx_hal_tim.o
    0x0800525e   0x0800525e   0x00000002   PAD
    0x08005260   0x08005260   0x00000014   Code   RO         2564    i.TIM_ITRx_SetConfig  stm32g4xx_hal_tim.o
    0x08005274   0x08005274   0x000000ac   Code   RO         2565    i.TIM_OC1_SetConfig  stm32g4xx_hal_tim.o
    0x08005320   0x08005320   0x000000a0   Code   RO         2566    i.TIM_OC2_SetConfig  stm32g4xx_hal_tim.o
    0x080053c0   0x080053c0   0x000000a0   Code   RO         2567    i.TIM_OC3_SetConfig  stm32g4xx_hal_tim.o
    0x08005460   0x08005460   0x000000a0   Code   RO         2568    i.TIM_OC4_SetConfig  stm32g4xx_hal_tim.o
    0x08005500   0x08005500   0x00000078   Code   RO         2569    i.TIM_OC5_SetConfig  stm32g4xx_hal_tim.o
    0x08005578   0x08005578   0x0000007c   Code   RO         2570    i.TIM_OC6_SetConfig  stm32g4xx_hal_tim.o
    0x080055f4   0x080055f4   0x00000022   Code   RO         2572    i.TIM_TI1_ConfigInputStage  stm32g4xx_hal_tim.o
    0x08005616   0x08005616   0x00000024   Code   RO         2574    i.TIM_TI2_ConfigInputStage  stm32g4xx_hal_tim.o
    0x0800563a   0x0800563a   0x00000002   PAD
    0x0800563c   0x0800563c   0x00000044   Code   RO         4035    i.UARTEx_SetNbDataToProcess  stm32g4xx_hal_uart_ex.o
    0x08005680   0x08005680   0x000000c8   Code   RO         3645    i.UART_AdvFeatureConfig  stm32g4xx_hal_uart.o
    0x08005748   0x08005748   0x00000060   Code   RO         3646    i.UART_CheckIdleState  stm32g4xx_hal_uart.o
    0x080057a8   0x080057a8   0x00000014   Code   RO         3647    i.UART_DMAAbortOnError  stm32g4xx_hal_uart.o
    0x080057bc   0x080057bc   0x00000054   Code   RO         3657    i.UART_EndRxTransfer  stm32g4xx_hal_uart.o
    0x08005810   0x08005810   0x00000298   Code   RO         3663    i.UART_SetConfig    stm32g4xx_hal_uart.o
    0x08005aa8   0x08005aa8   0x000000c6   Code   RO         3670    i.UART_WaitOnFlagUntilTimeout  stm32g4xx_hal_uart.o
    0x08005b6e   0x08005b6e   0x00000002   PAD
    0x08005b70   0x08005b70   0x00000020   Code   RO          456    i.USART1_IRQHandler  stm32g4xx_it.o
    0x08005b90   0x08005b90   0x00000364   Code   RO         4700    i.USTART_Control    usart_control.o
    0x08005ef4   0x08005ef4   0x00000002   Code   RO          457    i.UsageFault_Handler  stm32g4xx_it.o
    0x08005ef6   0x08005ef6   0x00000002   PAD
    0x08005ef8   0x08005ef8   0x0000006c   Code   RO         4730    i.WaveStart         wave.o
    0x08005f64   0x08005f64   0x00000008   Code   RO         4367    i.WriteCmd          oled_i2c.o
    0x08005f6c   0x08005f6c   0x00000008   Code   RO         4368    i.WriteDat          oled_i2c.o
    0x08005f74   0x08005f74   0x00000030   Code   RO         5002    i.__ARM_fpclassify  m_wm.l(fpclassify.o)
    0x08005fa4   0x08005fa4   0x0000002c   Code   RO         4566    i.__MyUSART1_Shift  myusart1.o
    0x08005fd0   0x08005fd0   0x00000020   Code   RO         2232    i.__NVIC_SetPriority  stm32g4xx_hal_cortex.o
    0x08005ff0   0x08005ff0   0x000000d0   Code   RO         5115    i.__hardfp_ldexp    m_wm.l(ldexp.o)
    0x080060c0   0x080060c0   0x000000c8   Code   RO         4851    i.__hardfp_sin      m_wm.l(sin.o)
    0x08006188   0x08006188   0x00000438   Code   RO         4909    i.__ieee754_rem_pio2  m_wm.l(rred.o)
    0x080065c0   0x080065c0   0x00000170   Code   RO         4892    i.__kernel_cos      m_wm.l(cos_i.o)
    0x08006730   0x08006730   0x000000f8   Code   RO         5012    i.__kernel_poly     m_wm.l(poly.o)
    0x08006828   0x08006828   0x00000130   Code   RO         4914    i.__kernel_sin      m_wm.l(sin_i.o)
    0x08006958   0x08006958   0x00000014   Code   RO         4896    i.__mathlib_dbl_infnan  m_wm.l(dunder.o)
    0x0800696c   0x0800696c   0x00000004   PAD
    0x08006970   0x08006970   0x00000020   Code   RO         4898    i.__mathlib_dbl_invalid  m_wm.l(dunder.o)
    0x08006990   0x08006990   0x00000020   Code   RO         4899    i.__mathlib_dbl_overflow  m_wm.l(dunder.o)
    0x080069b0   0x080069b0   0x00000020   Code   RO         4901    i.__mathlib_dbl_underflow  m_wm.l(dunder.o)
    0x080069d0   0x080069d0   0x000000b8   Code   RO         5005    i.__mathlib_narrow  m_wm.l(narrow.o)
    0x08006a88   0x08006a88   0x00000014   Code   RO         5117    i.__support_ldexp   m_wm.l(ldexp.o)
    0x08006a9c   0x08006a9c   0x0000000e   Code   RO         4795    i._is_digit         c_w.l(__printf_wp.o)
    0x08006aaa   0x08006aaa   0x00000046   Code   RO         4173    i.ampShow           background.o
    0x08006af0   0x08006af0   0x00000014   Code   RO         4224    i.delay_init        delay.o
    0x08006b04   0x08006b04   0x0000000a   Code   RO         4225    i.delay_ms          delay.o
    0x08006b0e   0x08006b0e   0x00000002   PAD
    0x08006b10   0x08006b10   0x00000034   Code   RO         4227    i.delay_us          delay.o
    0x08006b44   0x08006b44   0x00000018   Code   RO         4998    i.fabs              m_wm.l(fabs.o)
    0x08006b5c   0x08006b5c   0x00000064   Code   RO         4174    i.freShow           background.o
    0x08006bc0   0x08006bc0   0x0000009c   Code   RO         4175    i.fre_ampShow       background.o
    0x08006c5c   0x08006c5c   0x00000004   PAD
    0x08006c60   0x08006c60   0x0000008c   Code   RO         5090    i.frexp             m_wm.l(frexp.o)
    0x08006cec   0x08006cec   0x000000ac   Code   RO           16    i.main              main.o
    0x08006d98   0x08006d98   0x0000006c   Code   RO         4176    i.select            background.o
    0x08006e04   0x08006e04   0x00000098   Code   RO         4731    i.sin_Generation    wave.o
    0x08006e9c   0x08006e9c   0x00000058   Code   RO         4732    i.squ_Generation    wave.o
    0x08006ef4   0x08006ef4   0x00000074   Code   RO         4733    i.tri_Generation    wave.o
    0x08006f68   0x08006f68   0x0000002c   Code   RO         4983    locale$$code        c_w.l(lc_numeric_c.o)
    0x08006f94   0x08006f94   0x0000002c   Code   RO         5103    locale$$code        c_w.l(lc_ctype_c.o)
    0x08006fc0   0x08006fc0   0x00000018   Code   RO         4883    x$fpl$basic         fz_wm.l(basic.o)
    0x08006fd8   0x08006fd8   0x00000062   Code   RO         5084    x$fpl$d2f           fz_wm.l(d2f.o)
    0x0800703a   0x0800703a   0x00000002   PAD
    0x0800703c   0x0800703c   0x00000150   Code   RO         4817    x$fpl$dadd          fz_wm.l(daddsub_clz.o)
    0x0800718c   0x0800718c   0x00000010   Code   RO         5169    x$fpl$dcheck1       fz_wm.l(dcheck1.o)
    0x0800719c   0x0800719c   0x00000018   Code   RO         4885    x$fpl$dcmpinf       fz_wm.l(dcmpi.o)
    0x080071b4   0x080071b4   0x000002b0   Code   RO         4824    x$fpl$ddiv          fz_wm.l(ddiv.o)
    0x08007464   0x08007464   0x00000078   Code   RO         5086    x$fpl$deqf          fz_wm.l(deqf.o)
    0x080074dc   0x080074dc   0x0000005e   Code   RO         4827    x$fpl$dfix          fz_wm.l(dfix.o)
    0x0800753a   0x0800753a   0x00000002   PAD
    0x0800753c   0x0800753c   0x0000005a   Code   RO         4831    x$fpl$dfixu         fz_wm.l(dfixu.o)
    0x08007596   0x08007596   0x0000002e   Code   RO         4836    x$fpl$dflt          fz_wm.l(dflt_clz.o)
    0x080075c4   0x080075c4   0x00000026   Code   RO         4835    x$fpl$dfltu         fz_wm.l(dflt_clz.o)
    0x080075ea   0x080075ea   0x00000002   PAD
    0x080075ec   0x080075ec   0x00000078   Code   RO         4841    x$fpl$dleqf         fz_wm.l(dleqf.o)
    0x08007664   0x08007664   0x00000154   Code   RO         4843    x$fpl$dmul          fz_wm.l(dmul.o)
    0x080077b8   0x080077b8   0x0000009c   Code   RO         4887    x$fpl$dnaninf       fz_wm.l(dnaninf.o)
    0x08007854   0x08007854   0x0000000c   Code   RO         4889    x$fpl$dretinf       fz_wm.l(dretinf.o)
    0x08007860   0x08007860   0x0000006c   Code   RO         4845    x$fpl$drleqf        fz_wm.l(drleqf.o)
    0x080078cc   0x080078cc   0x00000016   Code   RO         4818    x$fpl$drsb          fz_wm.l(daddsub_clz.o)
    0x080078e2   0x080078e2   0x00000002   PAD
    0x080078e4   0x080078e4   0x000001d4   Code   RO         4819    x$fpl$dsub          fz_wm.l(daddsub_clz.o)
    0x08007ab8   0x08007ab8   0x0000000a   Code   RO         5111    x$fpl$fpinit        fz_wm.l(fpinit.o)
    0x08007ac2   0x08007ac2   0x0000000a   Code   RO         5113    x$fpl$fretinf       fz_wm.l(fretinf.o)
    0x08007acc   0x08007acc   0x00000004   Code   RO         4847    x$fpl$printf1       fz_wm.l(printf1.o)
    0x08007ad0   0x08007ad0   0x00000064   Code   RO         5202    x$fpl$retnan        fz_wm.l(retnan.o)
    0x08007b34   0x08007b34   0x0000005c   Code   RO         5148    x$fpl$scalbn        fz_wm.l(scalbn.o)
    0x08007b90   0x08007b90   0x00000004   Code   RO         4849    x$fpl$scanf1        fz_wm.l(scanf1.o)
    0x08007b94   0x08007b94   0x00000008   Code   RO         4990    x$fpl$scanf2        fz_wm.l(scanf2.o)
    0x08007b9c   0x08007b9c   0x00000030   Code   RO         5204    x$fpl$trapveneer    fz_wm.l(trapv.o)
    0x08007bcc   0x08007bcc   0x00000000   Code   RO         4891    x$fpl$usenofp       fz_wm.l(usenofp.o)
    0x08007bcc   0x08007bcc   0x00000018   Data   RO         3671    .constdata          stm32g4xx_hal_uart.o
    0x08007be4   0x08007be4   0x00000010   Data   RO         4036    .constdata          stm32g4xx_hal_uart_ex.o
    0x08007bf4   0x08007bf4   0x00000010   Data   RO         4136    .constdata          system_stm32g4xx.o
    0x08007c04   0x08007c04   0x00000008   Data   RO         4137    .constdata          system_stm32g4xx.o
    0x08007c0c   0x08007c0c   0x00000826   Data   RO         4370    .constdata          oled_i2c.o
    0x08008432   0x08008432   0x00000006   PAD
    0x08008438   0x08008438   0x00000030   Data   RO         4893    .constdata          m_wm.l(cos_i.o)
    0x08008468   0x08008468   0x000000c8   Data   RO         4911    .constdata          m_wm.l(rred.o)
    0x08008530   0x08008530   0x00000028   Data   RO         4915    .constdata          m_wm.l(sin_i.o)
    0x08008558   0x08008558   0x00000094   Data   RO         4958    .constdata          c_w.l(bigflt0.o)
    0x080085ec   0x080085ec   0x00000020   Data   RO         5206    Region$$Table       anon$$obj.o
    0x0800860c   0x0800860c   0x00000008   Data   RO         4985    c$$dinf             fz_wm.l(fpconst.o)
    0x08008614   0x08008614   0x0000001c   Data   RO         4982    locale$$data        c_w.l(lc_numeric_c.o)
    0x08008630   0x08008630   0x00000110   Data   RO         5102    locale$$data        c_w.l(lc_ctype_c.o)


    Execution Region RW_IRAM1 (Exec base: 0x20000000, Load base: 0x08008740, Size: 0x000016e0, Max: 0x00020000, ABSOLUTE, COMPRESSED[0x000001cc])

    Exec Addr    Load Addr    Size         Type   Attr      Idx    E Section Name        Object

    0x20000000   COMPRESSED   0x0000000c   Data   RW          893    .data               stm32g4xx_hal.o
    0x2000000c   COMPRESSED   0x00000004   Data   RW         4138    .data               system_stm32g4xx.o
    0x20000010   COMPRESSED   0x00000002   Data   RW         4228    .data               delay.o
    0x20000012   COMPRESSED   0x00000223   Data   RW         4371    .data               oled_i2c.o
    0x20000235   COMPRESSED   0x00000003   PAD
    0x20000238   COMPRESSED   0x0000000c   Data   RW         4569    .data               myusart1.o
    0x20000244   COMPRESSED   0x00000004   PAD
    0x20000248   COMPRESSED   0x00000040   Data   RW         4701    .data               usart_control.o
    0x20000288        -       0x00000074   Zero   RW          245    .bss                dac.o
    0x200002fc        -       0x0000003c   Zero   RW          311    .bss                opamp.o
    0x20000338        -       0x00000098   Zero   RW          355    .bss                tim.o
    0x200003d0        -       0x00000090   Zero   RW          407    .bss                usart.o
    0x20000460        -       0x00000064   Zero   RW         4568    .bss                myusart1.o
    0x200004c4        -       0x00000bb8   Zero   RW         4734    .bss                wave.o
    0x2000107c        -       0x00000060   Zero   RW         5015    .bss                c_w.l(libspace.o)
    0x200010dc   COMPRESSED   0x00000004   PAD
    0x200010e0        -       0x00000200   Zero   RW            2    HEAP                startup_stm32g474xx.o
    0x200012e0        -       0x00000400   Zero   RW            1    STACK               startup_stm32g474xx.o


==============================================================================

Image component sizes


      Code (inc. data)   RO Data    RW Data    ZI Data      Debug   Object Name

       628         26          0          0          0       3061   background.o
       188         24          0          0        116       1679   dac.o
        82          8          0          2          0       1747   delay.o
        60          4          0          0          0        818   dma.o
       172         12          0          0          0        983   gpio.o
       280         26          0          0          0     889534   main.o
       432         24          0          0          0       2813   myiic.o
       236         44          0         12        100       5119   myusart1.o
      1046         44       2086        547          0      10482   oled_i2c.o
       132         22          0          0         60       1647   opamp.o
        64         26        472          0       1536        848   startup_stm32g474xx.o
       162         24          0         12          0       4261   stm32g4xx_hal.o
       222         14          0          0          0      34101   stm32g4xx_hal_cortex.o
       900         34          0          0          0       7325   stm32g4xx_hal_dac.o
        56          0          0          0          0       3893   stm32g4xx_hal_dac_ex.o
       906         30          0          0          0       5970   stm32g4xx_hal_dma.o
       628         40          0          0          0       3286   stm32g4xx_hal_gpio.o
        48          6          0          0          0        870   stm32g4xx_hal_msp.o
       288          8          0          0          0       2327   stm32g4xx_hal_opamp.o
       204         18          0          0          0       1385   stm32g4xx_hal_pwr_ex.o
      1708         98          0          0          0       6536   stm32g4xx_hal_rcc.o
       768         10          0          0          0       1888   stm32g4xx_hal_rcc_ex.o
      2416        292          0          0          0      14993   stm32g4xx_hal_tim.o
       388         46          0          0          0       2236   stm32g4xx_hal_tim_ex.o
      2110         90         24          0          0      28368   stm32g4xx_hal_uart.o
       288          6         16          0          0       5154   stm32g4xx_hal_uart_ex.o
        72         16          0          0          0       5672   stm32g4xx_it.o
        16          4         24          4          0       1139   system_stm32g4xx.o
       436         42          0          0        152       3049   tim.o
       108         12          0          0          0        616   time.o
       244         22          0          0        144       1778   usart.o
       868         80          0         64          0       1396   usart_control.o
       464         78          0          0       3000       3064   wave.o

    ----------------------------------------------------------------------
     16660       1234       2660        648       5108    1058038   Object Totals
         0          0         32          0          0          0   (incl. Generated)
        40          4          6          7          0          0   (incl. Padding)

    ----------------------------------------------------------------------

      Code (inc. data)   RO Data    RW Data    ZI Data      Debug   Library Member Name

        60          8          0          0          0         84   __0sscanf.o
        90          0          0          0          0          0   __dczerorl2.o
         8          0          0          0          0         68   __main.o
       352          0          0          0          0         88   __printf_ss_wp.o
        14          0          0          0          0         68   __printf_wp.o
         0          0          0          0          0          0   __rtentry.o
        12          0          0          0          0          0   __rtentry2.o
         6          0          0          0          0          0   __rtentry4.o
        52          8          0          0          0          0   __scatter.o
        28          0          0          0          0          0   __scatter_zi.o
        28          0          0          0          0         68   _chval.o
        48          6          0          0          0         96   _printf_char_common.o
         6          0          0          0          0          0   _printf_f.o
      1050          0          0          0          0        216   _printf_fp_dec.o
       128         16          0          0          0         84   _printf_fp_infnan.o
         0          0          0          0          0          0   _printf_percent.o
         4          0          0          0          0          0   _printf_percent_end.o
        22          0          0          0          0        100   _rserrno.o
       884          6          0          0          0        100   _scanf.o
        64          0          0          0          0         84   _sgetc.o
        10          0          0          0          0         68   _sputc.o
       220          4        148          0          0         96   bigflt0.o
      2074        132          0          0          0        940   btod.o
        12          0          0          0          0         72   exit.o
         6          0          0          0          0        152   heapauxi.o
         0          0          0          0          0          0   indicate_semi.o
        18          0          0          0          0         76   isspace.o
        44         10        272          0          0         76   lc_ctype_c.o
        44         10         28          0          0         76   lc_numeric_c.o
         2          0          0          0          0          0   libinit.o
        34          0          0          0          0          0   libinit2.o
         2          0          0          0          0          0   libshutdown.o
         2          0          0          0          0          0   libshutdown2.o
         8          4          0          0         96         68   libspace.o
        38          0          0          0          0         68   llshl.o
       138          0          0          0          0         80   lludiv10.o
       238          0          0          0          0        100   lludivv7m.o
        40          6          0          0          0         84   noretval__2sprintf.o
        16          4          0          0          0         76   rt_ctype_table.o
         8          4          0          0          0         68   rt_errno_addr_intlibspace.o
         8          4          0          0          0         68   rt_locale_intlibspace.o
        78          0          0          0          0         80   rt_memclr_w.o
         2          0          0          0          0          0   rtexit.o
        10          0          0          0          0          0   rtexit2.o
        44          8          0          0          0         84   scanf_char.o
      1188         12          0          0          0        148   scanf_fp.o
       792         14          0          0          0        100   scanf_hexfp.o
       308         16          0          0          0        100   scanf_infnan.o
       128          0          0          0          0         68   strcmpv7m.o
        62          0          0          0          0         76   strlen.o
        12          4          0          0          0         68   sys_exit.o
        74          0          0          0          0         80   sys_stackheap_outer.o
         2          0          0          0          0         68   use_no_semi.o
        24          0          0          0          0        164   basic.o
        98          4          0          0          0        140   d2f.o
       826         16          0          0          0        492   daddsub_clz.o
        16          4          0          0          0        116   dcheck1.o
        24          0          0          0          0        116   dcmpi.o
       688        140          0          0          0        256   ddiv.o
       120          4          0          0          0        140   deqf.o
        94          4          0          0          0        140   dfix.o
        90          4          0          0          0        140   dfixu.o
        84          0          0          0          0        232   dflt_clz.o
       120          4          0          0          0        140   dleqf.o
       340         12          0          0          0        152   dmul.o
       156          4          0          0          0        140   dnaninf.o
        12          0          0          0          0        116   dretinf.o
       108          0          0          0          0        128   drleqf.o
         0          0          8          0          0          0   fpconst.o
        10          0          0          0          0        116   fpinit.o
        10          0          0          0          0        116   fretinf.o
         4          0          0          0          0        116   printf1.o
       100          0          0          0          0        116   retnan.o
        92          0          0          0          0        116   scalbn.o
         4          0          0          0          0        116   scanf1.o
         8          0          0          0          0        132   scanf2.o
        48          0          0          0          0        116   trapv.o
         0          0          0          0          0          0   usenofp.o
       368         46         48          0          0        200   cos_i.o
       116         24          0          0          0        496   dunder.o
        24          0          0          0          0        124   fabs.o
        48          0          0          0          0        124   fpclassify.o
       140         22          0          0          0        132   frexp.o
       228          8          0          0          0        308   ldexp.o
       184         18          0          0          0        152   narrow.o
       248          0          0          0          0        152   poly.o
      1080        142        200          0          0        188   rred.o
       200         20          0          0          0        164   sin.o
       304         24         40          0          0        208   sin_i.o

    ----------------------------------------------------------------------
     14560        778        744          0        100       9900   Library Totals
        26          2          0          0          4          0   (incl. Padding)

    ----------------------------------------------------------------------

      Code (inc. data)   RO Data    RW Data    ZI Data      Debug   Library Name

      8518        276        448          0         96       4096   c_w.l
      3076        196          8          0          0       3556   fz_wm.l
      2940        304        288          0          0       2248   m_wm.l

    ----------------------------------------------------------------------
     14560        778        744          0        100       9900   Library Totals

    ----------------------------------------------------------------------

==============================================================================


      Code (inc. data)   RO Data    RW Data    ZI Data      Debug   

     31220       2012       3404        648       5208    1046550   Grand Totals
     31220       2012       3404        460       5208    1046550   ELF Image Totals (compressed)
     31220       2012       3404        460          0          0   ROM Totals

==============================================================================

    Total RO  Size (Code + RO Data)                34624 (  33.81kB)
    Total RW  Size (RW Data + ZI Data)              5856 (   5.72kB)
    Total ROM Size (Code + RO Data + RW Data)      35084 (  34.26kB)

==============================================================================

